Component: ARM Compiler 5.06 update 5 (build 528) Tool: armlink [4d35e2]

==============================================================================

Section Cross References

    system_stm32f4xx.o(i.SystemCoreClockUpdate) refers to system_stm32f4xx.o(.data) for .data
    system_stm32f4xx.o(i.SystemInit) refers to system_stm32f4xx.o(i.SetSysClock) for SetSysClock
    stm32f4xx_it.o(i.SysTick_Handler) refers to main.o(i.TimingDelay_Decrement) for TimingDelay_Decrement
    stm32f4xx_it.o(i.SysTick_Handler) refers to main.o(i.Millis_Increment) for Millis_Increment
    stm32f4xx_it.o(i.USART1_IRQHandler) refers to stm32f4xx_usart.o(i.USART_GetITStatus) for USART_GetITStatus
    stm32f4xx_it.o(i.USART1_IRQHandler) refers to stm32f4xx_usart.o(i.USART_ReceiveData) for USART_ReceiveData
    stm32f4xx_it.o(i.USART1_IRQHandler) refers to printfa.o(i.__0printf) for __2printf
    stm32f4xx_it.o(i.USART1_IRQHandler) refers to main.o(i.ResetREnc) for ResetREnc
    stm32f4xx_it.o(i.USART1_IRQHandler) refers to main.o(i.ResetLEnc) for ResetLEnc
    stm32f4xx_it.o(i.USART1_IRQHandler) refers to stm32f4xx_usart.o(i.USART_ClearITPendingBit) for USART_ClearITPendingBit
    stm32f4xx_it.o(i.USART1_IRQHandler) refers to main.o(.data) for runFlag
    main.o(i.ADC_Config) refers to main.o(i.ADC_GPIO_Config) for ADC_GPIO_Config
    main.o(i.ADC_Config) refers to stm32f4xx_rcc.o(i.RCC_APB2PeriphClockCmd) for RCC_APB2PeriphClockCmd
    main.o(i.ADC_Config) refers to stm32f4xx_rcc.o(i.RCC_AHB1PeriphClockCmd) for RCC_AHB1PeriphClockCmd
    main.o(i.ADC_Config) refers to stm32f4xx_dma.o(i.DMA_Init) for DMA_Init
    main.o(i.ADC_Config) refers to stm32f4xx_dma.o(i.DMA_Cmd) for DMA_Cmd
    main.o(i.ADC_Config) refers to stm32f4xx_adc.o(i.ADC_CommonInit) for ADC_CommonInit
    main.o(i.ADC_Config) refers to stm32f4xx_adc.o(i.ADC_Init) for ADC_Init
    main.o(i.ADC_Config) refers to stm32f4xx_adc.o(i.ADC_RegularChannelConfig) for ADC_RegularChannelConfig
    main.o(i.ADC_Config) refers to stm32f4xx_adc.o(i.ADC_DMARequestAfterLastTransferCmd) for ADC_DMARequestAfterLastTransferCmd
    main.o(i.ADC_Config) refers to stm32f4xx_adc.o(i.ADC_DMACmd) for ADC_DMACmd
    main.o(i.ADC_Config) refers to stm32f4xx_adc.o(i.ADC_Cmd) for ADC_Cmd
    main.o(i.ADC_Config) refers to stm32f4xx_adc.o(i.ADC_SoftwareStartConv) for ADC_SoftwareStartConv
    main.o(i.ADC_Config) refers to main.o(.bss) for .bss
    main.o(i.ADC_GPIO_Config) refers to stm32f4xx_rcc.o(i.RCC_AHB1PeriphClockCmd) for RCC_AHB1PeriphClockCmd
    main.o(i.ADC_GPIO_Config) refers to stm32f4xx_gpio.o(i.GPIO_Init) for GPIO_Init
    main.o(i.Angle) refers to main.o(i.REnc) for REnc
    main.o(i.Angle) refers to main.o(i.LEnc) for LEnc
    main.o(i.Angular_PID) refers to main.o(i.micros) for micros
    main.o(i.Angular_PID) refers to ffltul.o(.text) for __aeabi_ul2f
    main.o(i.Angular_PID) refers to main.o(i.equal) for equal
    main.o(i.Angular_PID) refers to main.o(.bss) for .bss
    main.o(i.Angular_PID2) refers to main.o(i.micros) for micros
    main.o(i.Angular_PID2) refers to ffltul.o(.text) for __aeabi_ul2f
    main.o(i.Angular_PID2) refers to main.o(i.equal) for equal
    main.o(i.Angular_PID2) refers to main.o(.bss) for .bss
    main.o(i.ButtonInit) refers to stm32f4xx_rcc.o(i.RCC_AHB1PeriphClockCmd) for RCC_AHB1PeriphClockCmd
    main.o(i.ButtonInit) refers to stm32f4xx_gpio.o(i.GPIO_Init) for GPIO_Init
    main.o(i.CheckUpdate) refers to main.o(i.UpdateSensors) for UpdateSensors
    main.o(i.Delay) refers to main.o(.data) for .data
    main.o(i.Delay_us) refers to main.o(i.micros) for micros
    main.o(i.Disp) refers to main.o(i.LEnc_mm) for LEnc_mm
    main.o(i.Disp) refers to main.o(i.REnc_mm) for REnc_mm
    main.o(i.EmitterInit) refers to stm32f4xx_rcc.o(i.RCC_AHB1PeriphClockCmd) for RCC_AHB1PeriphClockCmd
    main.o(i.EmitterInit) refers to stm32f4xx_gpio.o(i.GPIO_Init) for GPIO_Init
    main.o(i.EncoderInit) refers to main.o(i.ResetLEnc) for ResetLEnc
    main.o(i.EncoderInit) refers to main.o(i.ResetREnc) for ResetREnc
    main.o(i.Encoder_Configration) refers to stm32f4xx_rcc.o(i.RCC_APB1PeriphClockCmd) for RCC_APB1PeriphClockCmd
    main.o(i.Encoder_Configration) refers to stm32f4xx_rcc.o(i.RCC_AHB1PeriphClockCmd) for RCC_AHB1PeriphClockCmd
    main.o(i.Encoder_Configration) refers to stm32f4xx_gpio.o(i.GPIO_Init) for GPIO_Init
    main.o(i.Encoder_Configration) refers to stm32f4xx_gpio.o(i.GPIO_PinAFConfig) for GPIO_PinAFConfig
    main.o(i.Encoder_Configration) refers to stm32f4xx_tim.o(i.TIM_SetAutoreload) for TIM_SetAutoreload
    main.o(i.Encoder_Configration) refers to stm32f4xx_tim.o(i.TIM_EncoderInterfaceConfig) for TIM_EncoderInterfaceConfig
    main.o(i.Encoder_Configration) refers to stm32f4xx_tim.o(i.TIM_Cmd) for TIM_Cmd
    main.o(i.Encoder_test) refers to main.o(i.motor) for motor
    main.o(i.Encoder_test) refers to main.o(i.millis) for millis
    main.o(i.Encoder_test) refers to main.o(i.REnc) for REnc
[...]
    ../clib/microlib/init/entry.s            0x00000000   Number         0  entry2.o ABSOLUTE
    ../clib/microlib/init/entry.s            0x00000000   Number         0  entry5.o ABSOLUTE
    ../clib/microlib/init/entry.s            0x00000000   Number         0  entry7a.o ABSOLUTE
    ../clib/microlib/init/entry.s            0x00000000   Number         0  entry9a.o ABSOLUTE
    ../clib/microlib/init/entry.s            0x00000000   Number         0  entry7b.o ABSOLUTE
    ../clib/microlib/init/entry.s            0x00000000   Number         0  entry8a.o ABSOLUTE
    ../clib/microlib/init/entry.s            0x00000000   Number         0  entry8b.o ABSOLUTE
    ../clib/microlib/init/entry.s            0x00000000   Number         0  entry11b.o ABSOLUTE
    ../clib/microlib/init/entry.s            0x00000000   Number         0  entry10b.o ABSOLUTE
    ../clib/microlib/init/entry.s            0x00000000   Number         0  entry10a.o ABSOLUTE
    ../clib/microlib/init/entry.s            0x00000000   Number         0  entry.o ABSOLUTE
    ../clib/microlib/init/entry.s            0x00000000   Number         0  entry9b.o ABSOLUTE
    ../clib/microlib/init/entry.s            0x00000000   Number         0  entry11a.o ABSOLUTE
    ../clib/microlib/longlong.c              0x00000000   Number         0  llsshr.o ABSOLUTE
    ../clib/microlib/longlong.c              0x00000000   Number         0  llushr.o ABSOLUTE
    ../clib/microlib/longlong.c              0x00000000   Number         0  llshl.o ABSOLUTE
    ../clib/microlib/malloc/malloc.c         0x00000000   Number         0  mallocr.o ABSOLUTE
    ../clib/microlib/malloc/malloc.c         0x00000000   Number         0  malloca.o ABSOLUTE
    ../clib/microlib/malloc/malloc.c         0x00000000   Number         0  mallocra.o ABSOLUTE
    ../clib/microlib/malloc/malloc.c         0x00000000   Number         0  malloc.o ABSOLUTE
    ../clib/microlib/malloc/mvars.c          0x00000000   Number         0  mvars.o ABSOLUTE
    ../clib/microlib/printf/printf.c         0x00000000   Number         0  printf0.o ABSOLUTE
    ../clib/microlib/printf/printf.c         0x00000000   Number         0  printfb.o ABSOLUTE
    ../clib/microlib/printf/printf.c         0x00000000   Number         0  printf6.o ABSOLUTE
    ../clib/microlib/printf/printf.c         0x00000000   Number         0  printf3.o ABSOLUTE
    ../clib/microlib/printf/printf.c         0x00000000   Number         0  printfa.o ABSOLUTE
    ../clib/microlib/printf/printf.c         0x00000000   Number         0  printf8.o ABSOLUTE
    ../clib/microlib/printf/printf.c         0x00000000   Number         0  printf7.o ABSOLUTE
    ../clib/microlib/printf/printf.c         0x00000000   Number         0  printf5.o ABSOLUTE
    ../clib/microlib/printf/printf.c         0x00000000   Number         0  printf4.o ABSOLUTE
    ../clib/microlib/printf/printf.c         0x00000000   Number         0  printf2.o ABSOLUTE
    ../clib/microlib/printf/printf.c         0x00000000   Number         0  printf1.o ABSOLUTE
    ../clib/microlib/printf/stubs.s          0x00000000   Number         0  stubs.o ABSOLUTE
    ../clib/microlib/stdio/streams.c         0x00000000   Number         0  stdout.o ABSOLUTE
    ../clib/microlib/string/memcpy.c         0x00000000   Number         0  memcpya.o ABSOLUTE
    ../clib/microlib/string/memcpy.c         0x00000000   Number         0  memcpyb.o ABSOLUTE
    ../clib/microlib/string/memset.c         0x00000000   Number         0  memseta.o ABSOLUTE
    ../clib/microlib/string/strcat.c         0x00000000   Number         0  strcat.o ABSOLUTE
    ../clib/microlib/stubs.s                 0x00000000   Number         0  iusefp.o ABSOLUTE
    ../fplib/microlib/f2d.c                  0x00000000   Number         0  f2d.o ABSOLUTE
    ../fplib/microlib/fpadd.c                0x00000000   Number         0  dadd.o ABSOLUTE
    ../fplib/microlib/fpdiv.c                0x00000000   Number         0  ddiv.o ABSOLUTE
    ../fplib/microlib/fpepilogue.c           0x00000000   Number         0  fepilogue.o ABSOLUTE
    ../fplib/microlib/fpepilogue.c           0x00000000   Number         0  depilogue.o ABSOLUTE
    ../fplib/microlib/fpfix.c                0x00000000   Number         0  dfixul.o ABSOLUTE
    ../fplib/microlib/fpflt.c                0x00000000   Number         0  ffltul.o ABSOLUTE
    ../fplib/microlib/fpmul.c                0x00000000   Number         0  dmul.o ABSOLUTE
    ../main.c                                0x00000000   Number         0  main.o ABSOLUTE
    ../stm32f4xx_it.c                        0x00000000   Number         0  stm32f4xx_it.o ABSOLUTE
    ../system_stm32f4xx.c                    0x00000000   Number         0  system_stm32f4xx.o ABSOLUTE
    ..\..\..\Libraries\STM32F4xx_StdPeriph_Driver\src\misc.c 0x00000000   Number         0  misc.o ABSOLUTE
    ..\..\..\Libraries\STM32F4xx_StdPeriph_Driver\src\stm32f4xx_adc.c 0x00000000   Number         0  stm32f4xx_adc.o ABSOLUTE
    ..\..\..\Libraries\STM32F4xx_StdPeriph_Driver\src\stm32f4xx_can.c 0x00000000   Number         0  stm32f4xx_can.o ABSOLUTE
    ..\..\..\Libraries\STM32F4xx_StdPeriph_Driver\src\stm32f4xx_crc.c 0x00000000   Number         0  stm32f4xx_crc.o ABSOLUTE
    ..\..\..\Libraries\STM32F4xx_StdPeriph_Driver\src\stm32f4xx_cryp.c 0x00000000   Number         0  stm32f4xx_cryp.o ABSOLUTE
    ..\..\..\Libraries\STM32F4xx_StdPeriph_Driver\src\stm32f4xx_cryp_aes.c 0x00000000   Number         0  stm32f4xx_cryp_aes.o ABSOLUTE
    ..\..\..\Libraries\STM32F4xx_StdPeriph_Driver\src\stm32f4xx_cryp_des.c 0x00000000   Number         0  stm32f4xx_cryp_des.o ABSOLUTE
    ..\..\..\Libraries\STM32F4xx_StdPeriph_Driver\src\stm32f4xx_cryp_tdes.c 0x00000000   Number         0  stm32f4xx_cryp_tdes.o ABSOLUTE
    ..\..\..\Libraries\STM32F4xx_StdPeriph_Driver\src\stm32f4xx_dac.c 0x00000000   Number         0  stm32f4xx_dac.o ABSOLUTE
    ..\..\..\Libraries\STM32F4xx_StdPeriph_Driver\src\stm32f4xx_dbgmcu.c 0x00000000   Number         0  stm32f4xx_dbgmcu.o ABSOLUTE
    ..\..\..\Libraries\STM32F4xx_StdPeriph_Driver\src\stm32f4xx_dcmi.c 0x00000000   Number         0  stm32f4xx_dcmi.o ABSOLUTE
    ..\..\..\Libraries\STM32F4xx_StdPeriph_Driver\src\stm32f4xx_dfsdm.c 0x00000000   Number         0  stm32f4xx_dfsdm.o ABSOLUTE
    ..\..\..\Libraries\STM32F4xx_StdPeriph_Driver\src\stm32f4xx_dma.c 0x00000000   Number         0  stm32f4xx_dma.o ABSOLUTE
    ..\..\..\Libraries\STM32F4xx_StdPeriph_Driver\src\stm32f4xx_dma2d.c 0x00000000   Number         0  stm32f4xx_dma2d.o ABSOLUTE
    ..\..\..\Libraries\STM32F4xx_StdPeriph_Driver\src\stm32f4xx_exti.c 0x00000000   Number         0  stm32f4xx_exti.o ABSOLUTE
    ..\..\..\Libraries\STM32F4xx_StdPeriph_Driver\src\stm32f4xx_flash.c 0x00000000   Number         0  stm32f4xx_flash.o ABSOLUTE
    ..\..\..\Libraries\STM32F4xx_StdPeriph_Driver\src\stm32f4xx_fmpi2c.c 0x00000000   Number         0  stm32f4xx_fmpi2c.o ABSOLUTE
    ..\..\..\Libraries\STM32F4xx_StdPeriph_Driver\src\stm32f4xx_fsmc.c 0x00000000   Number         0  stm32f4xx_fsmc.o ABSOLUTE
    ..\..\..\Libraries\STM32F4xx_StdPeriph_Driver\src\stm32f4xx_gpio.c 0x00000000   Number         0  stm32f4xx_gpio.o ABSOLUTE
    ..\..\..\Libraries\STM32F4xx_StdPeriph_Driver\src\stm32f4xx_hash.c 0x00000000   Number         0  stm32f4xx_hash.o ABSOLUTE
    ..\..\..\Libraries\STM32F4xx_StdPeriph_Driver\src\stm32f4xx_hash_md5.c 0x00000000   Number         0  stm32f4xx_hash_md5.o ABSOLUTE
    ..\..\..\Libraries\STM32F4xx_StdPeriph_Driver\src\stm32f4xx_hash_sha1.c 0x00000000   Number         0  stm32f4xx_hash_sha1.o ABSOLUTE
    ..\..\..\Libraries\STM32F4xx_StdPeriph_Driver\src\stm32f4xx_i2c.c 0x00000000   Number         0  stm32f4xx_i2c.o ABSOLUTE
    ..\..\..\Libraries\STM32F4xx_StdPeriph_Driver\src\stm32f4xx_iwdg.c 0x00000000   Number         0  stm32f4xx_iwdg.o ABSOLUTE
    ..\..\..\Libraries\STM32F4xx_StdPeriph_Driver\src\stm32f4xx_lptim.c 0x00000000   Number         0  stm32f4xx_lptim.o ABSOLUTE
    ..\..\..\Libraries\STM32F4xx_StdPeriph_Driver\src\stm32f4xx_ltdc.c 0x00000000   Number         0  stm32f4xx_ltdc.o ABSOLUTE
    ..\..\..\Libraries\STM32F4xx_StdPeriph_Driver\src\stm32f4xx_pwr.c 0x00000000   Number         0  stm32f4xx_pwr.o ABSOLUTE
    ..\..\..\Libraries\STM32F4xx_StdPeriph_Driver\src\stm32f4xx_rcc.c 0x00000000   Number         0  stm32f4xx_rcc.o ABSOLUTE
    ..\..\..\Libraries\STM32F4xx_StdPeriph_Driver\src\stm32f4xx_rng.c 0x00000000   Number         0  stm32f4xx_rng.o ABSOLUTE
    ..\..\..\Libraries\STM32F4xx_StdPeriph_Driver\src\stm32f4xx_rtc.c 0x00000000   Number         0  stm32f4xx_rtc.o ABSOLUTE
    ..\..\..\Libraries\STM32F4xx_StdPeriph_Driver\src\stm32f4xx_sai.c 0x00000000   Number         0  stm32f4xx_sai.o ABSOLUTE
    ..\..\..\Libraries\STM32F4xx_StdPeriph_Driver\src\stm32f4xx_sdio.c 0x00000000   Number         0  stm32f4xx_sdio.o ABSOLUTE
    ..\..\..\Libraries\STM32F4xx_StdPeriph_Driver\src\stm32f4xx_spdifrx.c 0x00000000   Number         0  stm32f4xx_spdifrx.o ABSOLUTE
    ..\..\..\Libraries\STM32F4xx_StdPeriph_Driver\src\stm32f4xx_spi.c 0x00000000   Number         0  stm32f4xx_spi.o ABSOLUTE
    ..\..\..\Libraries\STM32F4xx_StdPeriph_Driver\src\stm32f4xx_syscfg.c 0x00000000   Number         0  stm32f4xx_syscfg.o ABSOLUTE
    ..\..\..\Libraries\STM32F4xx_StdPeriph_Driver\src\stm32f4xx_tim.c 0x00000000   Number         0  stm32f4xx_tim.o ABSOLUTE
    ..\..\..\Libraries\STM32F4xx_StdPeriph_Driver\src\stm32f4xx_usart.c 0x00000000   Number         0  stm32f4xx_usart.o ABSOLUTE
    ..\..\..\Libraries\STM32F4xx_StdPeriph_Driver\src\stm32f4xx_wwdg.c 0x00000000   Number         0  stm32f4xx_wwdg.o ABSOLUTE
    ..\CommonTables\arm_common_tables.c      0x00000000   Number         0  arm_common_tables.o ABSOLUTE
    ..\FastMathFunctions\arm_cos_f32.c       0x00000000   Number         0  arm_cos_f32.o ABSOLUTE
    ..\FastMathFunctions\arm_sin_f32.c       0x00000000   Number         0  arm_sin_f32.o ABSOLUTE
    ..\\CommonTables\\arm_common_tables.c    0x00000000   Number         0  arm_common_tables.o ABSOLUTE
    ..\\FastMathFunctions\\arm_cos_f32.c     0x00000000   Number         0  arm_cos_f32.o ABSOLUTE
    ..\\FastMathFunctions\\arm_sin_f32.c     0x00000000   Number         0  arm_sin_f32.o ABSOLUTE
    ..\main.c                                0x00000000   Number         0  main.o ABSOLUTE
    ..\stm32f4xx_it.c                        0x00000000   Number         0  stm32f4xx_it.o ABSOLUTE
    ..\system_stm32f4xx.c                    0x00000000   Number         0  system_stm32f4xx.o ABSOLUTE
    cdrcmple.s                               0x00000000   Number         0  cdrcmple.o ABSOLUTE
    dc.s                                     0x00000000   Number         0  dc.o ABSOLUTE
    handlers.s                               0x00000000   Number         0  handlers.o ABSOLUTE
    init.s                                   0x00000000   Number         0  init.o ABSOLUTE
    RESET                                    0x08000000   Section      392  startup_stm32f40_41xxx.o(RESET)
    .ARM.Collect$$$$00000000                 0x08000188   Section        0  entry.o(.ARM.Collect$$$$00000000)
    .ARM.Collect$$$$00000001                 0x08000188   Section        4  entry2.o(.ARM.Collect$$$$00000001)
    .ARM.Collect$$$$00000004                 0x0800018c   Section        4  entry5.o(.ARM.Collect$$$$00000004)
    .ARM.Collect$$$$00000008                 0x08000190   Section        0  entry7b.o(.ARM.Collect$$$$00000008)
    .ARM.Collect$$$$0000000A                 0x08000190   Section        0  entry8b.o(.ARM.Collect$$$$0000000A)
    .ARM.Collect$$$$0000000B                 0x08000190   Section        8  entry9a.o(.ARM.Collect$$$$0000000B)
    .ARM.Collect$$$$0000000D                 0x08000198   Section        0  entry10a.o(.ARM.Collect$$$$0000000D)
    .ARM.Collect$$$$0000000F                 0x08000198   Section        0  entry11a.o(.ARM.Collect$$$$0000000F)
    .ARM.Collect$$$$00002712                 0x08000198   Section        4  entry2.o(.ARM.Collect$$$$00002712)
    __lit__00000000                          0x08000198   Data           4  entry2.o(.ARM.Collect$$$$00002712)
    .text                                    0x0800019c   Section       36  startup_stm32f40_41xxx.o(.text)
    $v0                                      0x0800019c   Number         0  startup_stm32f40_41xxx.o(.text)
    .text                                    0x080001c0   Section        0  ffltul.o(.text)
    .text                                    0x080001dc   Section        0  uidiv.o(.text)
    .text                                    0x08000208   Section        0  uldiv.o(.text)
    .text                                    0x0800026a   Section        0  iusefp.o(.text)
    .text                                    0x0800026a   Section        0  fepilogue.o(.text)
    .text                                    0x080002d8   Section        0  dadd.o(.text)
    .text                                    0x08000426   Section        0  dmul.o(.text)
    .text                                    0x0800050a   Section        0  ddiv.o(.text)
    .text                                    0x080005e8   Section        0  dfixul.o(.text)
    .text                                    0x08000618   Section       48  cdrcmple.o(.text)
    .text                                    0x08000648   Section       36  init.o(.text)
    .text                                    0x0800066c   Section        0  llshl.o(.text)
    .text                                    0x0800068a   Section        0  llushr.o(.text)
    .text                                    0x080006aa   Section        0  llsshr.o(.text)
    .text                                    0x080006ce   Section        0  depilogue.o(.text)
    .text                                    0x08000788   Section        0  __dczerorl2.o(.text)
    i.ADC_Cmd                                0x080007de   Section        0  stm32f4xx_adc.o(i.ADC_Cmd)
    i.ADC_CommonInit                         0x080007f4   Section        0  stm32f4xx_adc.o(i.ADC_CommonInit)
    i.ADC_Config                             0x08000820   Section        0  main.o(i.ADC_Config)
    i.ADC_DMACmd                             0x08000924   Section        0  stm32f4xx_adc.o(i.ADC_DMACmd)
    i.ADC_DMARequestAfterLastTransferCmd     0x08000938   Section        0  stm32f4xx_adc.o(i.ADC_DMARequestAfterLastTransferCmd)
    i.ADC_GPIO_Config                        0x0800094c   Section        0  main.o(i.ADC_GPIO_Config)
    i.ADC_Init                               0x08000a10   Section        0  stm32f4xx_adc.o(i.ADC_Init)
    i.ADC_RegularChannelConfig               0x08000a5c   Section        0  stm32f4xx_adc.o(i.ADC_RegularChannelConfig)
    i.ADC_SoftwareStartConv                  0x08000ad0   Section        0  stm32f4xx_adc.o(i.ADC_SoftwareStartConv)
    i.Angle                                  0x08000adc   Section        0  main.o(i.Angle)
    i.Angular_PID                            0x08000b0c   Section        0  main.o(i.Angular_PID)
    i.BusFault_Handler                       0x08000c20   Section        0  stm32f4xx_it.o(i.BusFault_Handler)
    i.ButtonInit                             0x08000c24   Section        0  main.o(i.ButtonInit)
    i.DMA_Cmd                                0x08000c54   Section        0  stm32f4xx_dma.o(i.DMA_Cmd)
    i.DMA_Init                               0x08000c68   Section        0  stm32f4xx_dma.o(i.DMA_Init)
    i.DebugMon_Handler                       0x08000cbc   Section        0  stm32f4xx_it.o(i.DebugMon_Handler)
    i.Delay                                  0x08000cc0   Section        0  main.o(i.Delay)
    i.Delay_us                               0x08000cd4   Section        0  main.o(i.Delay_us)
    i.Disp                                   0x08000cf6   Section        0  main.o(i.Disp)
    i.EmitterInit                            0x08000d14   Section        0  main.o(i.EmitterInit)
    i.EncoderInit                            0x08000e14   Section        0  main.o(i.EncoderInit)
    i.Encoder_Configration                   0x08000e24   Section        0  main.o(i.Encoder_Configration)
    i.Error_Alert                            0x08000f08   Section        0  main.o(i.Error_Alert)
    i.FrontAlign                             0x08000f44   Section        0  main.o(i.FrontAlign)
    i.GPIO_Init                              0x08001000   Section        0  stm32f4xx_gpio.o(i.GPIO_Init)
    i.GPIO_PinAFConfig                       0x080010a2   Section        0  stm32f4xx_gpio.o(i.GPIO_PinAFConfig)
    i.GPIO_ResetBits                         0x080010c2   Section        0  stm32f4xx_gpio.o(i.GPIO_ResetBits)
    i.GPIO_SetBits                           0x080010c6   Section        0  stm32f4xx_gpio.o(i.GPIO_SetBits)
    i.HardFault_Handler                      0x080010ca   Section        0  stm32f4xx_it.o(i.HardFault_Handler)
    i.IRscan                                 0x080010cc   Section        0  main.o(i.IRscan)
    i.IRscan_L                               0x080010e4   Section        0  main.o(i.IRscan_L)
    i.IRscan_LF                              0x08001148   Section        0  main.o(i.IRscan_LF)
    i.IRscan_LM                              0x080011ac   Section        0  main.o(i.IRscan_LM)
    i.IRscan_R                               0x08001210   Section        0  main.o(i.IRscan_R)
    i.IRscan_RF                              0x08001278   Section        0  main.o(i.IRscan_RF)
    i.IRscan_RM                              0x080012e0   Section        0  main.o(i.IRscan_RM)
    i.Ifabs                                  0x08001348   Section        0  main.o(i.Ifabs)
    i.InitializeAlles                        0x08001358   Section        0  main.o(i.InitializeAlles)
    i.Isqrt                                  0x080013d0   Section        0  main.o(i.Isqrt)
    i.LEDInit                                0x08001400   Section        0  main.o(i.LEDInit)
    i.LEnc                                   0x08001484   Section        0  main.o(i.LEnc)
    i.LEnc_mm                                0x080014c0   Section        0  main.o(i.LEnc_mm)
    i.LF                                     0x080014dc   Section        0  main.o(i.LF)
    i.LR                                     0x08001520   Section        0  main.o(i.LR)
    i.LeftTurn                               0x08001568   Section        0  main.o(i.LeftTurn)
    i.Linear_PID                             0x08001644   Section        0  main.o(i.Linear_PID)
    i.MemManage_Handler                      0x08001788   Section        0  stm32f4xx_it.o(i.MemManage_Handler)
    i.Millis_Increment                       0x0800178c   Section        0  main.o(i.Millis_Increment)
    i.NMI_Handler                            0x080017a4   Section        0  stm32f4xx_it.o(i.NMI_Handler)
    i.NVIC_Init                              0x080017a8   Section        0  misc.o(i.NVIC_Init)
    i.NVIC_PriorityGroupConfig               0x0800180c   Section        0  misc.o(i.NVIC_PriorityGroupConfig)
    i.PendSV_Handler                         0x08001820   Section        0  stm32f4xx_it.o(i.PendSV_Handler)
    i.RCC_AHB1PeriphClockCmd                 0x08001824   Section        0  stm32f4xx_rcc.o(i.RCC_AHB1PeriphClockCmd)
    i.RCC_APB1PeriphClockCmd                 0x0800183c   Section        0  stm32f4xx_rcc.o(i.RCC_APB1PeriphClockCmd)
    i.RCC_APB2PeriphClockCmd                 0x08001854   Section        0  stm32f4xx_rcc.o(i.RCC_APB2PeriphClockCmd)
    i.RCC_GetClocksFreq                      0x0800186c   Section        0  stm32f4xx_rcc.o(i.RCC_GetClocksFreq)
    i.RE                                     0x08001900   Section        0  main.o(i.RE)
    i.REnc                                   0x0800193c   Section        0  main.o(i.REnc)
    i.REnc_mm                                0x08001978   Section        0  main.o(i.REnc_mm)
    i.RF                                     0x08001994   Section        0  main.o(i.RF)
    i.ResetLEnc                              0x080019d8   Section        0  main.o(i.ResetLEnc)
    i.ResetREnc                              0x080019f0   Section        0  main.o(i.ResetREnc)
    i.RightTurn                              0x08001a04   Section        0  main.o(i.RightTurn)
    i.SVC_Handler                            0x08001ae0   Section        0  stm32f4xx_it.o(i.SVC_Handler)
    i.SearchingMode                          0x08001ae4   Section        0  main.o(i.SearchingMode)
    i.SetSysClock                            0x08001d48   Section        0  system_stm32f4xx.o(i.SetSysClock)
    SetSysClock                              0x08001d49   Thumb Code   102  system_stm32f4xx.o(i.SetSysClock)
    i.SprintA                                0x08001dc0   Section        0  main.o(i.SprintA)
    i.SprintB                                0x08001f24   Section        0  main.o(i.SprintB)
    i.SysTick_Handler                        0x08002084   Section        0  stm32f4xx_it.o(i.SysTick_Handler)
    i.SysTick_Init                           0x08002094   Section        0  main.o(i.SysTick_Init)
    i.SystemCoreClockUpdate                  0x080020dc   Section        0  system_stm32f4xx.o(i.SystemCoreClockUpdate)
    i.SystemInit                             0x08002158   Section        0  system_stm32f4xx.o(i.SystemInit)
    i.TIM4_Config                            0x080021b4   Section        0  main.o(i.TIM4_Config)
    i.TIM4_GPIO_Config                       0x0800226c   Section        0  main.o(i.TIM4_GPIO_Config)
    i.TIM_ARRPreloadConfig                   0x080022d4   Section        0  stm32f4xx_tim.o(i.TIM_ARRPreloadConfig)
    i.TIM_Cmd                                0x080022e8   Section        0  stm32f4xx_tim.o(i.TIM_Cmd)
    i.TIM_EncoderInterfaceConfig             0x080022fc   Section        0  stm32f4xx_tim.o(i.TIM_EncoderInterfaceConfig)
    i.TIM_OC1Init                            0x08002330   Section        0  stm32f4xx_tim.o(i.TIM_OC1Init)
    i.TIM_OC1PreloadConfig                   0x08002390   Section        0  stm32f4xx_tim.o(i.TIM_OC1PreloadConfig)
    i.TIM_OC2Init                            0x0800239c   Section        0  stm32f4xx_tim.o(i.TIM_OC2Init)
    i.TIM_OC2PreloadConfig                   0x0800241c   Section        0  stm32f4xx_tim.o(i.TIM_OC2PreloadConfig)
    i.TIM_OC3Init                            0x08002430   Section        0  stm32f4xx_tim.o(i.TIM_OC3Init)
    i.TIM_OC3PreloadConfig                   0x080024ac   Section        0  stm32f4xx_tim.o(i.TIM_OC3PreloadConfig)
    i.TIM_OC4Init                            0x080024b8   Section        0  stm32f4xx_tim.o(i.TIM_OC4Init)
    i.TIM_OC4PreloadConfig                   0x08002518   Section        0  stm32f4xx_tim.o(i.TIM_OC4PreloadConfig)
    i.TIM_SetAutoreload                      0x0800252c   Section        0  stm32f4xx_tim.o(i.TIM_SetAutoreload)
    i.TIM_TimeBaseInit                       0x08002530   Section        0  stm32f4xx_tim.o(i.TIM_TimeBaseInit)
    i.TimingDelay_Decrement                  0x080025ac   Section        0  main.o(i.TimingDelay_Decrement)
    i.Turn180                                0x080025c0   Section        0  main.o(i.Turn180)
    i.USART1_IRQHandler                      0x08002698   Section        0  stm32f4xx_it.o(i.USART1_IRQHandler)
    i.USART_ClearITPendingBit                0x08002770   Section        0  stm32f4xx_usart.o(i.USART_ClearITPendingBit)
    i.USART_Cmd                              0x0800277c   Section        0  stm32f4xx_usart.o(i.USART_Cmd)
    i.USART_Config                           0x08002790   Section        0  main.o(i.USART_Config)
    i.USART_GetFlagStatus                    0x08002854   Section        0  stm32f4xx_usart.o(i.USART_GetFlagStatus)
    i.USART_GetITStatus                      0x08002862   Section        0  stm32f4xx_usart.o(i.USART_GetITStatus)
    i.USART_ITConfig                         0x080028a0   Section        0  stm32f4xx_usart.o(i.USART_ITConfig)
    i.USART_Init                             0x080028d0   Section        0  stm32f4xx_usart.o(i.USART_Init)
    i.USART_ReceiveData                      0x0800297c   Section        0  stm32f4xx_usart.o(i.USART_ReceiveData)
    i.USART_SendData                         0x08002984   Section        0  stm32f4xx_usart.o(i.USART_SendData)
    i.UpdateFloodfill                        0x0800298c   Section        0  main.o(i.UpdateFloodfill)
    i.UpdateSensors                          0x08002ab4   Section        0  main.o(i.UpdateSensors)
    i.UsageFault_Handler                     0x08002ac2   Section        0  stm32f4xx_it.o(i.UsageFault_Handler)
    i.__0printf                              0x08002ac4   Section        0  printfa.o(i.__0printf)
    i.__scatterload_copy                     0x08002ae4   Section       14  handlers.o(i.__scatterload_copy)
    i.__scatterload_null                     0x08002af2   Section        2  handlers.o(i.__scatterload_null)
    i.__scatterload_zeroinit                 0x08002af4   Section       14  handlers.o(i.__scatterload_zeroinit)
    i._fp_digits                             0x08002b04   Section        0  printfa.o(i._fp_digits)
    _fp_digits                               0x08002b05   Thumb Code   366  printfa.o(i._fp_digits)
    i._printf_core                           0x08002c88   Section        0  printfa.o(i._printf_core)
    _printf_core                             0x08002c89   Thumb Code  1744  printfa.o(i._printf_core)
    i._printf_post_padding                   0x08003364   Section        0  printfa.o(i._printf_post_padding)
    _printf_post_padding                     0x08003365   Thumb Code    36  printfa.o(i._printf_post_padding)
    i._printf_pre_padding                    0x08003388   Section        0  printfa.o(i._printf_pre_padding)
    _printf_pre_padding                      0x08003389   Thumb Code    46  printfa.o(i._printf_pre_padding)
    i.blinkLED                               0x080033b8   Section        0  main.o(i.blinkLED)
    i.canSprint                              0x08003460   Section        0  main.o(i.canSprint)
    i.checkCell                              0x08003490   Section        0  main.o(i.checkCell)
    i.collecting_IR_data                     0x080034d4   Section        0  main.o(i.collecting_IR_data)
    i.currCell                               0x08003510   Section        0  main.o(i.currCell)
    i.curve                                  0x08003554   Section        0  main.o(i.curve)
    i.enterableCells                         0x08003564   Section        0  main.o(i.enterableCells)
    i.equal                                  0x080035ce   Section        0  main.o(i.equal)
    i.findMinDistance                        0x080035ec   Section        0  main.o(i.findMinDistance)
    i.fputc                                  0x08003610   Section        0  main.o(i.fputc)
    i.free                                   0x08003638   Section        0  malloc.o(i.free)
    i.halt                                   0x08003688   Section        0  main.o(i.halt)
    i.initAngular_PID                        0x08003698   Section        0  main.o(i.initAngular_PID)
    i.initLinear_PID                         0x080036d8   Section        0  main.o(i.initLinear_PID)
    i.initSprintA                            0x08003718   Section        0  main.o(i.initSprintA)
    i.initSprintB                            0x080037ac   Section        0  main.o(i.initSprintB)
    i.interrP                                0x0800383c   Section        0  main.o(i.interrP)
    i.main                                   0x08003888   Section        0  main.o(i.main)
    i.malloc                                 0x08003998   Section        0  malloc.o(i.malloc)
    i.micros                                 0x08003a04   Section        0  main.o(i.micros)
    i.millis                                 0x08003a50   Section        0  main.o(i.millis)
    i.motor                                  0x08003a5c   Section        0  main.o(i.motor)
    i.motorInit                              0x08003b50   Section        0  main.o(i.motorInit)
    i.move                                   0x08003b6c   Section        0  main.o(i.move)
    i.partition                              0x08003c00   Section        0  main.o(i.partition)
    i.quickSort                              0x08003c48   Section        0  main.o(i.quickSort)
    i.sBreak                                 0x08003c70   Section        0  main.o(i.sBreak)
    i.sLeftTurn                              0x08003cf8   Section        0  main.o(i.sLeftTurn)
    i.sRightTurn                             0x08003ed4   Section        0  main.o(i.sRightTurn)
    i.stepAtDirection                        0x080040b0   Section        0  main.o(i.stepAtDirection)
    i.straightPhaseFix                       0x080040dc   Section        0  main.o(i.straightPhaseFix)
    i.swap                                   0x0800434c   Section        0  main.o(i.swap)
    .constdata                               0x08004358   Section      124  main.o(.constdata)
    .data                                    0x20000000   Section       20  system_stm32f4xx.o(.data)
    .data                                    0x20000018   Section     3272  main.o(.data)
    uwTimingDelay                            0x200000ac   Data           4  main.o(.data)
    .data                                    0x20000ce0   Section        1  main.o(.data)
    .data                                    0x20000ce1   Section       16  stm32f4xx_rcc.o(.data)
    APBAHBPrescTable                         0x20000ce1   Data          16  stm32f4xx_rcc.o(.data)
    .data                                    0x20000cf4   Section        4  stdout.o(.data)
    .data                                    0x20000cf8   Section        4  mvars.o(.data)
    .data                                    0x20000cfc   Section        4  mvars.o(.data)
    .bss                                     0x20000d00   Section    40328  main.o(.bss)
    HEAP                                     0x2000aa88   Section      512  startup_stm32f40_41xxx.o(HEAP)
    STACK                                    0x2000ac88   Section     1024  startup_stm32f40_41xxx.o(STACK)

    Global Symbols

    Symbol Name                              Value     Ov Type        Size  Object(Section)

    BuildAttributes$$THM_ISAv4$E$P$D$K$B$S$7EM$VFPi3$EXTD16$VFPS$VFMA$PE$A:L22UL41UL21$X:L11$S22US41US21$IEEE1$IW$USESV6$~STKCKD$USESV7$~SHL$OTIME$ROPI$IEEEX$EBA8$MICROLIB$REQ8$PRES8$EABIv2 0x00000000   Number         0  anon$$obj.o ABSOLUTE
    __ARM_use_no_argv                        0x00000000   Number         0  main.o ABSOLUTE
    _printf_a                                0x00000000   Number         0  stubs.o ABSOLUTE
    _printf_c                                0x00000000   Number         0  stubs.o ABSOLUTE
    _printf_charcount                        0x00000000   Number         0  stubs.o ABSOLUTE
    _printf_d                                0x00000000   Number         0  stubs.o ABSOLUTE
    _printf_e                                0x00000000   Number         0  stubs.o ABSOLUTE
    _printf_f                                0x00000000   Number         0  stubs.o ABSOLUTE
    _printf_flags                            0x00000000   Number         0  stubs.o ABSOLUTE
    _printf_fp_dec                           0x00000000   Number         0  stubs.o ABSOLUTE
    _printf_fp_hex                           0x00000000   Number         0  stubs.o ABSOLUTE
    _printf_g                                0x00000000   Number         0  stubs.o ABSOLUTE
    _printf_i                                0x00000000   Number         0  stubs.o ABSOLUTE
    _printf_int_dec                          0x00000000   Number         0  stubs.o ABSOLUTE
    _printf_l                                0x00000000   Number         0  stubs.o ABSOLUTE
    _printf_lc                               0x00000000   Number         0  stubs.o ABSOLUTE
    _printf_ll                               0x00000000   Number         0  stubs.o ABSOLUTE
    _printf_lld                              0x00000000   Number         0  stubs.o ABSOLUTE
    _printf_lli                              0x00000000   Number         0  stubs.o ABSOLUTE
    _printf_llo                              0x00000000   Number         0  stubs.o ABSOLUTE
    _printf_llu                              0x00000000   Number         0  stubs.o ABSOLUTE
    _printf_llx                              0x00000000   Number         0  stubs.o ABSOLUTE
    _printf_longlong_dec                     0x00000000   Number         0  stubs.o ABSOLUTE
    _printf_longlong_hex                     0x00000000   Number         0  stubs.o ABSOLUTE
    _printf_longlong_oct                     0x00000000   Number         0  stubs.o ABSOLUTE
    _printf_ls                               0x00000000   Number         0  stubs.o ABSOLUTE
    _printf_mbtowc                           0x00000000   Number         0  stubs.o ABSOLUTE
    _printf_n                                0x00000000   Number         0  stubs.o ABSOLUTE
    _printf_o                                0x00000000   Number         0  stubs.o ABSOLUTE
    _printf_p                                0x00000000   Number         0  stubs.o ABSOLUTE
    _printf_percent                          0x00000000   Number         0  stubs.o ABSOLUTE
    _printf_pre_padding                      0x00000000   Number         0  stubs.o ABSOLUTE
    _printf_return_value                     0x00000000   Number         0  stubs.o ABSOLUTE
    _printf_s                                0x00000000   Number         0  stubs.o ABSOLUTE
    _printf_sizespec                         0x00000000   Number         0  stubs.o ABSOLUTE
    _printf_str                              0x00000000   Number         0  stubs.o ABSOLUTE
    _printf_truncate_signed                  0x00000000   Number         0  stubs.o ABSOLUTE
    _printf_truncate_unsigned                0x00000000   Number         0  stubs.o ABSOLUTE
    _printf_u                                0x00000000   Number         0  stubs.o ABSOLUTE
    _printf_wc                               0x00000000   Number         0  stubs.o ABSOLUTE
    _printf_wctomb                           0x00000000   Number         0  stubs.o ABSOLUTE
    _printf_widthprec                        0x00000000   Number         0  stubs.o ABSOLUTE
    _printf_x                                0x00000000   Number         0  stubs.o ABSOLUTE
    __cpp_initialize__aeabi_                  - Undefined Weak Reference
    __cxa_finalize                            - Undefined Weak Reference
    _clock_init                               - Undefined Weak Reference
    _microlib_exit                            - Undefined Weak Reference
    __Vectors_Size                           0x00000188   Number         0  startup_stm32f40_41xxx.o ABSOLUTE
    __Vectors                                0x08000000   Data           4  startup_stm32f40_41xxx.o(RESET)
    __Vectors_End                            0x08000188   Data           0  startup_stm32f40_41xxx.o(RESET)
    __main                                   0x08000189   Thumb Code     0  entry.o(.ARM.Collect$$$$00000000)
    _main_stk                                0x08000189   Thumb Code     0  entry2.o(.ARM.Collect$$$$00000001)
    _main_scatterload                        0x0800018d   Thumb Code     0  entry5.o(.ARM.Collect$$$$00000004)
    __main_after_scatterload                 0x08000191   Thumb Code     0  entry5.o(.ARM.Collect$$$$00000004)
    _main_clock                              0x08000191   Thumb Code     0  entry7b.o(.ARM.Collect$$$$00000008)
    _main_cpp_init                           0x08000191   Thumb Code     0  entry8b.o(.ARM.Collect$$$$0000000A)
    _main_init                               0x08000191   Thumb Code     0  entry9a.o(.ARM.Collect$$$$0000000B)
    __rt_final_cpp                           0x08000199   Thumb Code     0  entry10a.o(.ARM.Collect$$$$0000000D)
    __rt_final_exit                          0x08000199   Thumb Code     0  entry11a.o(.ARM.Collect$$$$0000000F)
    Reset_Handler                            0x0800019d   Thumb Code     8  startup_stm32f40_41xxx.o(.text)
    ADC_IRQHandler                           0x080001b7   Thumb Code     0  startup_stm32f40_41xxx.o(.text)
    CAN1_RX0_IRQHandler                      0x080001b7   Thumb Code     0  startup_stm32f40_41xxx.o(.text)
    CAN1_RX1_IRQHandler                      0x080001b7   Thumb Code     0  startup_stm32f40_41xxx.o(.text)
    CAN1_SCE_IRQHandler                      0x080001b7   Thumb Code     0  startup_stm32f40_41xxx.o(.text)
    CAN1_TX_IRQHandler                       0x080001b7   Thumb Code     0  startup_stm32f40_41xxx.o(.text)
    CAN2_RX0_IRQHandler                      0x080001b7   Thumb Code     0  startup_stm32f40_41xxx.o(.text)
    CAN2_RX1_IRQHandler                      0x080001b7   Thumb Code     0  startup_stm32f40_41xxx.o(.text)
    CAN2_SCE_IRQHandler                      0x080001b7   Thumb Code     0  startup_stm32f40_41xxx.o(.text)
    CAN2_TX_IRQHandler                       0x080001b7   Thumb Code     0  startup_stm32f40_41xxx.o(.text)
    CRYP_IRQHandler                          0x080001b7   Thumb Code     0  startup_stm32f40_41xxx.o(.text)
    DCMI_IRQHandler                          0x080001b7   Thumb Code     0  startup_stm32f40_41xxx.o(.text)
    DMA1_Stream0_IRQHandler                  0x080001b7   Thumb Code     0  startup_stm32f40_41xxx.o(.text)
    DMA1_Stream1_IRQHandler                  0x080001b7   Thumb Code     0  startup_stm32f40_41xxx.o(.text)
    DMA1_Stream2_IRQHandler                  0x080001b7   Thumb Code     0  startup_stm32f40_41xxx.o(.text)
    DMA1_Stream3_IRQHandler                  0x080001b7   Thumb Code     0  startup_stm32f40_41xxx.o(.text)
    DMA1_Stream4_IRQHandler                  0x080001b7   Thumb Code     0  startup_stm32f40_41xxx.o(.text)
    DMA1_Stream5_IRQHandler                  0x080001b7   Thumb Code     0  startup_stm32f40_41xxx.o(.text)
    DMA1_Stream6_IRQHandler                  0x080001b7   Thumb Code     0  startup_stm32f40_41xxx.o(.text)
    DMA1_Stream7_IRQHandler                  0x080001b7   Thumb Code     0  startup_stm32f40_41xxx.o(.text)
    DMA2_Stream0_IRQHandler                  0x080001b7   Thumb Code     0  startup_stm32f40_41xxx.o(.text)
    DMA2_Stream1_IRQHandler                  0x080001b7   Thumb Code     0  startup_stm32f40_41xxx.o(.text)
    DMA2_Stream2_IRQHandler                  0x080001b7   Thumb Code     0  startup_stm32f40_41xxx.o(.text)
    DMA2_Stream3_IRQHandler                  0x080001b7   Thumb Code     0  startup_stm32f40_41xxx.o(.text)
    DMA2_Stream4_IRQHandler                  0x080001b7   Thumb Code     0  startup_stm32f40_41xxx.o(.text)
    DMA2_Stream5_IRQHandler                  0x080001b7   Thumb Code     0  startup_stm32f40_41xxx.o(.text)
    DMA2_Stream6_IRQHandler                  0x080001b7   Thumb Code     0  startup_stm32f40_41xxx.o(.text)
    DMA2_Stream7_IRQHandler                  0x080001b7   Thumb Code     0  startup_stm32f40_41xxx.o(.text)
    ETH_IRQHandler                           0x080001b7   Thumb Code     0  startup_stm32f40_41xxx.o(.text)
    ETH_WKUP_IRQHandler                      0x080001b7   Thumb Code     0  startup_stm32f40_41xxx.o(.text)
    EXTI0_IRQHandler                         0x080001b7   Thumb Code     0  startup_stm32f40_41xxx.o(.text)
    EXTI15_10_IRQHandler                     0x080001b7   Thumb Code     0  startup_stm32f40_41xxx.o(.text)
    EXTI1_IRQHandler                         0x080001b7   Thumb Code     0  startup_stm32f40_41xxx.o(.text)
    EXTI2_IRQHandler                         0x080001b7   Thumb Code     0  startup_stm32f40_41xxx.o(.text)
    EXTI3_IRQHandler                         0x080001b7   Thumb Code     0  startup_stm32f40_41xxx.o(.text)
    EXTI4_IRQHandler                         0x080001b7   Thumb Code     0  startup_stm32f40_41xxx.o(.text)
    EXTI9_5_IRQHandler                       0x080001b7   Thumb Code     0  startup_stm32f40_41xxx.o(.text)
    FLASH_IRQHandler                         0x080001b7   Thumb Code     0  startup_stm32f40_41xxx.o(.text)
    FPU_IRQHandler                           0x080001b7   Thumb Code     0  startup_stm32f40_41xxx.o(.text)
    FSMC_IRQHandler                          0x080001b7   Thumb Code     0  startup_stm32f40_41xxx.o(.text)
    HASH_RNG_IRQHandler                      0x080001b7   Thumb Code     0  startup_stm32f40_41xxx.o(.text)
    I2C1_ER_IRQHandler                       0x080001b7   Thumb Code     0  startup_stm32f40_41xxx.o(.text)
    I2C1_EV_IRQHandler                       0x080001b7   Thumb Code     0  startup_stm32f40_41xxx.o(.text)
    I2C2_ER_IRQHandler                       0x080001b7   Thumb Code     0  startup_stm32f40_41xxx.o(.text)
    I2C2_EV_IRQHandler                       0x080001b7   Thumb Code     0  startup_stm32f40_41xxx.o(.text)
    I2C3_ER_IRQHandler                       0x080001b7   Thumb Code     0  startup_stm32f40_41xxx.o(.text)
    I2C3_EV_IRQHandler                       0x080001b7   Thumb Code     0  startup_stm32f40_41xxx.o(.text)
    OTG_FS_IRQHandler                        0x080001b7   Thumb Code     0  startup_stm32f40_41xxx.o(.text)
    OTG_FS_WKUP_IRQHandler                   0x080001b7   Thumb Code     0  startup_stm32f40_41xxx.o(.text)
    OTG_HS_EP1_IN_IRQHandler                 0x080001b7   Thumb Code     0  startup_stm32f40_41xxx.o(.text)
    OTG_HS_EP1_OUT_IRQHandler                0x080001b7   Thumb Code     0  startup_stm32f40_41xxx.o(.text)
    OTG_HS_IRQHandler                        0x080001b7   Thumb Code     0  startup_stm32f40_41xxx.o(.text)
    OTG_HS_WKUP_IRQHandler                   0x080001b7   Thumb Code     0  startup_stm32f40_41xxx.o(.text)
    PVD_IRQHandler                           0x080001b7   Thumb Code     0  startup_stm32f40_41xxx.o(.text)
    RCC_IRQHandler                           0x080001b7   Thumb Code     0  startup_stm32f40_41xxx.o(.text)
    RTC_Alarm_IRQHandler                     0x080001b7   Thumb Code     0  startup_stm32f40_41xxx.o(.text)
    RTC_WKUP_IRQHandler                      0x080001b7   Thumb Code     0  startup_stm32f40_41xxx.o(.text)
    SDIO_IRQHandler                          0x080001b7   Thumb Code     0  startup_stm32f40_41xxx.o(.text)
    SPI1_IRQHandler                          0x080001b7   Thumb Code     0  startup_stm32f40_41xxx.o(.text)
    SPI2_IRQHandler                          0x080001b7   Thumb Code     0  startup_stm32f40_41xxx.o(.text)
    SPI3_IRQHandler                          0x080001b7   Thumb Code     0  startup_stm32f40_41xxx.o(.text)
    TAMP_STAMP_IRQHandler                    0x080001b7   Thumb Code     0  startup_stm32f40_41xxx.o(.text)
    TIM1_BRK_TIM9_IRQHandler                 0x080001b7   Thumb Code     0  startup_stm32f40_41xxx.o(.text)
    TIM1_CC_IRQHandler                       0x080001b7   Thumb Code     0  startup_stm32f40_41xxx.o(.text)
    TIM1_TRG_COM_TIM11_IRQHandler            0x080001b7   Thumb Code     0  startup_stm32f40_41xxx.o(.text)
    TIM1_UP_TIM10_IRQHandler                 0x080001b7   Thumb Code     0  startup_stm32f40_41xxx.o(.text)
    TIM2_IRQHandler                          0x080001b7   Thumb Code     0  startup_stm32f40_41xxx.o(.text)
    TIM3_IRQHandler                          0x080001b7   Thumb Code     0  startup_stm32f40_41xxx.o(.text)
    TIM4_IRQHandler                          0x080001b7   Thumb Code     0  startup_stm32f40_41xxx.o(.text)
    TIM5_IRQHandler                          0x080001b7   Thumb Code     0  startup_stm32f40_41xxx.o(.text)
    TIM6_DAC_IRQHandler                      0x080001b7   Thumb Code     0  startup_stm32f40_41xxx.o(.text)
    TIM7_IRQHandler                          0x080001b7   Thumb Code     0  startup_stm32f40_41xxx.o(.text)
    TIM8_BRK_TIM12_IRQHandler                0x080001b7   Thumb Code     0  startup_stm32f40_41xxx.o(.text)
    TIM8_CC_IRQHandler                       0x080001b7   Thumb Code     0  startup_stm32f40_41xxx.o(.text)
    TIM8_TRG_COM_TIM14_IRQHandler            0x080001b7   Thumb Code     0  startup_stm32f40_41xxx.o(.text)
    TIM8_UP_TIM13_IRQHandler                 0x080001b7   Thumb Code     0  startup_stm32f40_41xxx.o(.text)
    UART4_IRQHandler                         0x080001b7   Thumb Code     0  startup_stm32f40_41xxx.o(.text)
    UART5_IRQHandler                         0x080001b7   Thumb Code     0  startup_stm32f40_41xxx.o(.text)
    USART2_IRQHandler                        0x080001b7   Thumb Code     0  startup_stm32f40_41xxx.o(.text)
    USART3_IRQHandler                        0x080001b7   Thumb Code     0  startup_stm32f40_41xxx.o(.text)
    USART6_IRQHandler                        0x080001b7   Thumb Code     0  startup_stm32f40_41xxx.o(.text)
    WWDG_IRQHandler                          0x080001b7   Thumb Code     0  startup_stm32f40_41xxx.o(.text)
    __aeabi_ul2f                             0x080001c1   Thumb Code    28  ffltul.o(.text)
    __aeabi_uidiv                            0x080001dd   Thumb Code     0  uidiv.o(.text)
    __aeabi_uidivmod                         0x080001dd   Thumb Code    44  uidiv.o(.text)
    __aeabi_uldivmod                         0x08000209   Thumb Code    98  uldiv.o(.text)
    __I$use$fp                               0x0800026b   Thumb Code     0  iusefp.o(.text)
    _float_round                             0x0800026b   Thumb Code    18  fepilogue.o(.text)
    _float_epilogue                          0x0800027d   Thumb Code    92  fepilogue.o(.text)
    __aeabi_dadd                             0x080002d9   Thumb Code   322  dadd.o(.text)
    __aeabi_dsub                             0x0800041b   Thumb Code     6  dadd.o(.text)
    __aeabi_drsub                            0x08000421   Thumb Code     6  dadd.o(.text)
    __aeabi_dmul                             0x08000427   Thumb Code   228  dmul.o(.text)
    __aeabi_ddiv                             0x0800050b   Thumb Code   222  ddiv.o(.text)
    __aeabi_d2ulz                            0x080005e9   Thumb Code    48  dfixul.o(.text)
    __aeabi_cdrcmple                         0x08000619   Thumb Code    48  cdrcmple.o(.text)
    __scatterload                            0x08000649   Thumb Code    28  init.o(.text)
    __scatterload_rt2                        0x08000649   Thumb Code     0  init.o(.text)
    __aeabi_llsl                             0x0800066d   Thumb Code    30  llshl.o(.text)
    _ll_shift_l                              0x0800066d   Thumb Code     0  llshl.o(.text)
    __aeabi_llsr                             0x0800068b   Thumb Code    32  llushr.o(.text)
    _ll_ushift_r                             0x0800068b   Thumb Code     0  llushr.o(.text)
    __aeabi_lasr                             0x080006ab   Thumb Code    36  llsshr.o(.text)
    _ll_sshift_r                             0x080006ab   Thumb Code     0  llsshr.o(.text)
    _double_round                            0x080006cf   Thumb Code    30  depilogue.o(.text)
    _double_epilogue                         0x080006ed   Thumb Code   156  depilogue.o(.text)
    __decompress                             0x08000789   Thumb Code     0  __dczerorl2.o(.text)
    __decompress1                            0x08000789   Thumb Code    86  __dczerorl2.o(.text)
    ADC_Cmd                                  0x080007df   Thumb Code    20  stm32f4xx_adc.o(i.ADC_Cmd)
    ADC_CommonInit                           0x080007f5   Thumb Code    34  stm32f4xx_adc.o(i.ADC_CommonInit)
    ADC_Config                               0x08000821   Thumb Code   248  main.o(i.ADC_Config)
    ADC_DMACmd                               0x08000925   Thumb Code    20  stm32f4xx_adc.o(i.ADC_DMACmd)
    ADC_DMARequestAfterLastTransferCmd       0x08000939   Thumb Code    20  stm32f4xx_adc.o(i.ADC_DMARequestAfterLastTransferCmd)
    ADC_GPIO_Config                          0x0800094d   Thumb Code   184  main.o(i.ADC_GPIO_Config)
    ADC_Init                                 0x08000a11   Thumb Code    66  stm32f4xx_adc.o(i.ADC_Init)
    ADC_RegularChannelConfig                 0x08000a5d   Thumb Code   116  stm32f4xx_adc.o(i.ADC_RegularChannelConfig)
    ADC_SoftwareStartConv                    0x08000ad1   Thumb Code    10  stm32f4xx_adc.o(i.ADC_SoftwareStartConv)
    Angle                                    0x08000add   Thumb Code    40  main.o(i.Angle)
    Angular_PID                              0x08000b0d   Thumb Code   252  main.o(i.Angular_PID)
    BusFault_Handler                         0x08000c21   Thumb Code     2  stm32f4xx_it.o(i.BusFault_Handler)
    ButtonInit                               0x08000c25   Thumb Code    42  main.o(i.ButtonInit)
    DMA_Cmd                                  0x08000c55   Thumb Code    20  stm32f4xx_dma.o(i.DMA_Cmd)
    DMA_Init                                 0x08000c69   Thumb Code    80  stm32f4xx_dma.o(i.DMA_Init)
    DebugMon_Handler                         0x08000cbd   Thumb Code     2  stm32f4xx_it.o(i.DebugMon_Handler)
    Delay                                    0x08000cc1   Thumb Code    16  main.o(i.Delay)
    Delay_us                                 0x08000cd5   Thumb Code    34  main.o(i.Delay_us)
    Disp                                     0x08000cf7   Thumb Code    28  main.o(i.Disp)
    EmitterInit                              0x08000d15   Thumb Code   244  main.o(i.EmitterInit)
    EncoderInit                              0x08000e15   Thumb Code    14  main.o(i.EncoderInit)
    Encoder_Configration                     0x08000e25   Thumb Code   216  main.o(i.Encoder_Configration)
    Error_Alert                              0x08000f09   Thumb Code    36  main.o(i.Error_Alert)
    FrontAlign                               0x08000f45   Thumb Code   168  main.o(i.FrontAlign)
    GPIO_Init                                0x08001001   Thumb Code   162  stm32f4xx_gpio.o(i.GPIO_Init)
    GPIO_PinAFConfig                         0x080010a3   Thumb Code    32  stm32f4xx_gpio.o(i.GPIO_PinAFConfig)
    GPIO_ResetBits                           0x080010c3   Thumb Code     4  stm32f4xx_gpio.o(i.GPIO_ResetBits)
    GPIO_SetBits                             0x080010c7   Thumb Code     4  stm32f4xx_gpio.o(i.GPIO_SetBits)
    HardFault_Handler                        0x080010cb   Thumb Code     2  stm32f4xx_it.o(i.HardFault_Handler)
    IRscan                                   0x080010cd   Thumb Code    22  main.o(i.IRscan)
    IRscan_L                                 0x080010e5   Thumb Code    86  main.o(i.IRscan_L)
    IRscan_LF                                0x08001149   Thumb Code    86  main.o(i.IRscan_LF)
    IRscan_LM                                0x080011ad   Thumb Code    86  main.o(i.IRscan_LM)
    IRscan_R                                 0x08001211   Thumb Code    90  main.o(i.IRscan_R)
    IRscan_RF                                0x08001279   Thumb Code    90  main.o(i.IRscan_RF)
    IRscan_RM                                0x080012e1   Thumb Code    90  main.o(i.IRscan_RM)
    Ifabs                                    0x08001349   Thumb Code    16  main.o(i.Ifabs)
    InitializeAlles                          0x08001359   Thumb Code    88  main.o(i.InitializeAlles)
    Isqrt                                    0x080013d1   Thumb Code    42  main.o(i.Isqrt)
    LEDInit                                  0x08001401   Thumb Code   124  main.o(i.LEDInit)
    LEnc                                     0x08001485   Thumb Code    48  main.o(i.LEnc)
    LEnc_mm                                  0x080014c1   Thumb Code    24  main.o(i.LEnc_mm)
    LF                                       0x080014dd   Thumb Code    62  main.o(i.LF)
    LR                                       0x08001521   Thumb Code    68  main.o(i.LR)
    LeftTurn                                 0x08001569   Thumb Code   192  main.o(i.LeftTurn)
    Linear_PID                               0x08001645   Thumb Code   290  main.o(i.Linear_PID)
    MemManage_Handler                        0x08001789   Thumb Code     2  stm32f4xx_it.o(i.MemManage_Handler)
    Millis_Increment                         0x0800178d   Thumb Code    18  main.o(i.Millis_Increment)
    NMI_Handler                              0x080017a5   Thumb Code     2  stm32f4xx_it.o(i.NMI_Handler)
    NVIC_Init                                0x080017a9   Thumb Code    96  misc.o(i.NVIC_Init)
    NVIC_PriorityGroupConfig                 0x0800180d   Thumb Code    10  misc.o(i.NVIC_PriorityGroupConfig)
    PendSV_Handler                           0x08001821   Thumb Code     2  stm32f4xx_it.o(i.PendSV_Handler)
    RCC_AHB1PeriphClockCmd                   0x08001825   Thumb Code    18  stm32f4xx_rcc.o(i.RCC_AHB1PeriphClockCmd)
    RCC_APB1PeriphClockCmd                   0x0800183d   Thumb Code    18  stm32f4xx_rcc.o(i.RCC_APB1PeriphClockCmd)
    RCC_APB2PeriphClockCmd                   0x08001855   Thumb Code    18  stm32f4xx_rcc.o(i.RCC_APB2PeriphClockCmd)
    RCC_GetClocksFreq                        0x0800186d   Thumb Code   132  stm32f4xx_rcc.o(i.RCC_GetClocksFreq)
    RE                                       0x08001901   Thumb Code    54  main.o(i.RE)
    REnc                                     0x0800193d   Thumb Code    50  main.o(i.REnc)
    REnc_mm                                  0x08001979   Thumb Code    24  main.o(i.REnc_mm)
    RF                                       0x08001995   Thumb Code    62  main.o(i.RF)
    ResetLEnc                                0x080019d9   Thumb Code    14  main.o(i.ResetLEnc)
    ResetREnc                                0x080019f1   Thumb Code    16  main.o(i.ResetREnc)
    RightTurn                                0x08001a05   Thumb Code   192  main.o(i.RightTurn)
    SVC_Handler                              0x08001ae1   Thumb Code     2  stm32f4xx_it.o(i.SVC_Handler)
    SearchingMode                            0x08001ae5   Thumb Code   588  main.o(i.SearchingMode)
    SprintA                                  0x08001dc1   Thumb Code   328  main.o(i.SprintA)
    SprintB                                  0x08001f25   Thumb Code   322  main.o(i.SprintB)
    SysTick_Handler                          0x08002085   Thumb Code    14  stm32f4xx_it.o(i.SysTick_Handler)
    SysTick_Init                             0x08002095   Thumb Code    46  main.o(i.SysTick_Init)
    SystemCoreClockUpdate                    0x080020dd   Thumb Code   106  system_stm32f4xx.o(i.SystemCoreClockUpdate)
    SystemInit                               0x08002159   Thumb Code    74  system_stm32f4xx.o(i.SystemInit)
    TIM4_Config                              0x080021b5   Thumb Code   172  main.o(i.TIM4_Config)
    TIM4_GPIO_Config                         0x0800226d   Thumb Code   100  main.o(i.TIM4_GPIO_Config)
    TIM_ARRPreloadConfig                     0x080022d5   Thumb Code    20  stm32f4xx_tim.o(i.TIM_ARRPreloadConfig)
    TIM_Cmd                                  0x080022e9   Thumb Code    20  stm32f4xx_tim.o(i.TIM_Cmd)
    TIM_EncoderInterfaceConfig               0x080022fd   Thumb Code    50  stm32f4xx_tim.o(i.TIM_EncoderInterfaceConfig)
    TIM_OC1Init                              0x08002331   Thumb Code    88  stm32f4xx_tim.o(i.TIM_OC1Init)
    TIM_OC1PreloadConfig                     0x08002391   Thumb Code    12  stm32f4xx_tim.o(i.TIM_OC1PreloadConfig)
    TIM_OC2Init                              0x0800239d   Thumb Code   120  stm32f4xx_tim.o(i.TIM_OC2Init)
    TIM_OC2PreloadConfig                     0x0800241d   Thumb Code    20  stm32f4xx_tim.o(i.TIM_OC2PreloadConfig)
    TIM_OC3Init                              0x08002431   Thumb Code   116  stm32f4xx_tim.o(i.TIM_OC3Init)
    TIM_OC3PreloadConfig                     0x080024ad   Thumb Code    12  stm32f4xx_tim.o(i.TIM_OC3PreloadConfig)
    TIM_OC4Init                              0x080024b9   Thumb Code    88  stm32f4xx_tim.o(i.TIM_OC4Init)
    TIM_OC4PreloadConfig                     0x08002519   Thumb Code    20  stm32f4xx_tim.o(i.TIM_OC4PreloadConfig)
    TIM_SetAutoreload                        0x0800252d   Thumb Code     4  stm32f4xx_tim.o(i.TIM_SetAutoreload)
    TIM_TimeBaseInit                         0x08002531   Thumb Code    96  stm32f4xx_tim.o(i.TIM_TimeBaseInit)
    TimingDelay_Decrement                    0x080025ad   Thumb Code    16  main.o(i.TimingDelay_Decrement)
    Turn180                                  0x080025c1   Thumb Code   212  main.o(i.Turn180)
    USART1_IRQHandler                        0x08002699   Thumb Code   164  stm32f4xx_it.o(i.USART1_IRQHandler)
    USART_ClearITPendingBit                  0x08002771   Thumb Code    12  stm32f4xx_usart.o(i.USART_ClearITPendingBit)
    USART_Cmd                                0x0800277d   Thumb Code    20  stm32f4xx_usart.o(i.USART_Cmd)
    USART_Config                             0x08002791   Thumb Code   186  main.o(i.USART_Config)
    USART_GetFlagStatus                      0x08002855   Thumb Code    14  stm32f4xx_usart.o(i.USART_GetFlagStatus)
    USART_GetITStatus                        0x08002863   Thumb Code    62  stm32f4xx_usart.o(i.USART_GetITStatus)
    USART_ITConfig                           0x080028a1   Thumb Code    48  stm32f4xx_usart.o(i.USART_ITConfig)
    USART_Init                               0x080028d1   Thumb Code   164  stm32f4xx_usart.o(i.USART_Init)
    USART_ReceiveData                        0x0800297d   Thumb Code     8  stm32f4xx_usart.o(i.USART_ReceiveData)
    USART_SendData                           0x08002985   Thumb Code     8  stm32f4xx_usart.o(i.USART_SendData)
    UpdateFloodfill                          0x0800298d   Thumb Code   292  main.o(i.UpdateFloodfill)
    UpdateSensors                            0x08002ab5   Thumb Code    14  main.o(i.UpdateSensors)
    UsageFault_Handler                       0x08002ac3   Thumb Code     2  stm32f4xx_it.o(i.UsageFault_Handler)
    __0printf                                0x08002ac5   Thumb Code    22  printfa.o(i.__0printf)
    __1printf                                0x08002ac5   Thumb Code     0  printfa.o(i.__0printf)
    __2printf                                0x08002ac5   Thumb Code     0  printfa.o(i.__0printf)
    __c89printf                              0x08002ac5   Thumb Code     0  printfa.o(i.__0printf)
    printf                                   0x08002ac5   Thumb Code     0  printfa.o(i.__0printf)
    __scatterload_copy                       0x08002ae5   Thumb Code    14  handlers.o(i.__scatterload_copy)
    __scatterload_null                       0x08002af3   Thumb Code     2  handlers.o(i.__scatterload_null)
    __scatterload_zeroinit                   0x08002af5   Thumb Code    14  handlers.o(i.__scatterload_zeroinit)
    blinkLED                                 0x080033b9   Thumb Code   160  main.o(i.blinkLED)
    canSprint                                0x08003461   Thumb Code    44  main.o(i.canSprint)
    checkCell                                0x08003491   Thumb Code    56  main.o(i.checkCell)
    collecting_IR_data                       0x080034d5   Thumb Code    60  main.o(i.collecting_IR_data)
    currCell                                 0x08003511   Thumb Code    56  main.o(i.currCell)
    curve                                    0x08003555   Thumb Code    16  main.o(i.curve)
    enterableCells                           0x08003565   Thumb Code   106  main.o(i.enterableCells)
    equal                                    0x080035cf   Thumb Code    28  main.o(i.equal)
    findMinDistance                          0x080035ed   Thumb Code    34  main.o(i.findMinDistance)
    fputc                                    0x08003611   Thumb Code    36  main.o(i.fputc)
    free                                     0x08003639   Thumb Code    76  malloc.o(i.free)
    halt                                     0x08003689   Thumb Code    12  main.o(i.halt)
    initAngular_PID                          0x08003699   Thumb Code    54  main.o(i.initAngular_PID)
    initLinear_PID                           0x080036d9   Thumb Code    54  main.o(i.initLinear_PID)
    initSprintA                              0x08003719   Thumb Code   106  main.o(i.initSprintA)
    initSprintB                              0x080037ad   Thumb Code   114  main.o(i.initSprintB)
    interrP                                  0x0800383d   Thumb Code    70  main.o(i.interrP)
    main                                     0x08003889   Thumb Code   256  main.o(i.main)
    malloc                                   0x08003999   Thumb Code    92  malloc.o(i.malloc)
    micros                                   0x08003a05   Thumb Code    64  main.o(i.micros)
    millis                                   0x08003a51   Thumb Code     8  main.o(i.millis)
    motor                                    0x08003a5d   Thumb Code   218  main.o(i.motor)
    motorInit                                0x08003b51   Thumb Code    22  main.o(i.motorInit)
    move                                     0x08003b6d   Thumb Code   144  main.o(i.move)
    partition                                0x08003c01   Thumb Code    72  main.o(i.partition)
    quickSort                                0x08003c49   Thumb Code    38  main.o(i.quickSort)
    sBreak                                   0x08003c71   Thumb Code   120  main.o(i.sBreak)
    sLeftTurn                                0x08003cf9   Thumb Code   428  main.o(i.sLeftTurn)
    sRightTurn                               0x08003ed5   Thumb Code   428  main.o(i.sRightTurn)
    stepAtDirection                          0x080040b1   Thumb Code    42  main.o(i.stepAtDirection)
    straightPhaseFix                         0x080040dd   Thumb Code   582  main.o(i.straightPhaseFix)
    swap                                     0x0800434d   Thumb Code    10  main.o(i.swap)
    directionSymbols                         0x08004358   Data           4  main.o(.constdata)
    walls                                    0x08004364   Data          16  main.o(.constdata)
    Region$$Table$$Base                      0x080043d4   Number         0  anon$$obj.o(Region$$Table)
    Region$$Table$$Limit                     0x080043f4   Number         0  anon$$obj.o(Region$$Table)
    SystemCoreClock                          0x20000000   Data           4  system_stm32f4xx.o(.data)
    AHBPrescTable                            0x20000004   Data          16  system_stm32f4xx.o(.data)
    ErrorFlag                                0x20000018   Data           1  main.o(.data)
    Lwall                                    0x20000019   Data           1  main.o(.data)
    Rwall                                    0x2000001a   Data           1  main.o(.data)
    Fwall                                    0x2000001b   Data           1  main.o(.data)
    nLwall                                   0x2000001c   Data           1  main.o(.data)
    nRwall                                   0x2000001d   Data           1  main.o(.data)
    nFwall                                   0x2000001e   Data           1  main.o(.data)
    Ltmp                                     0x2000001f   Data           1  main.o(.data)
    Rtmp                                     0x20000020   Data           1  main.o(.data)
    Fcnt                                     0x20000021   Data           1  main.o(.data)
    Lcnt                                     0x20000022   Data           1  main.o(.data)
    Rcnt                                     0x20000023   Data           1  main.o(.data)
    finished                                 0x20000024   Data           1  main.o(.data)
    LOnOffp                                  0x20000025   Data           1  main.o(.data)
    ROnOffp                                  0x20000026   Data           1  main.o(.data)
    stateLR                                  0x20000027   Data           1  main.o(.data)
    LRtmp                                    0x20000028   Data           1  main.o(.data)
    stateLF                                  0x20000029   Data           1  main.o(.data)
    LFtmp                                    0x2000002a   Data           1  main.o(.data)
    stateRF                                  0x2000002b   Data           1  main.o(.data)
    RFtmp                                    0x2000002c   Data           1  main.o(.data)
    dir                                      0x2000002d   Data           1  main.o(.data)
    Flag                                     0x2000002e   Data           1  main.o(.data)
    tmp                                      0x20000030   Data           2  main.o(.data)
    deadOn                                   0x20000034   Data           4  main.o(.data)
    previousX                                0x20000038   Data           4  main.o(.data)
    previousY                                0x2000003c   Data           4  main.o(.data)
    exploreSteps                             0x20000040   Data           4  main.o(.data)
    currentDirection                         0x20000044   Data           4  main.o(.data)
    IR_L                                     0x20000048   Data           4  main.o(.data)
    IR_LM                                    0x2000004c   Data           4  main.o(.data)
    IR_LF                                    0x20000050   Data           4  main.o(.data)
    IR_RF                                    0x20000054   Data           4  main.o(.data)
    IR_RM                                    0x20000058   Data           4  main.o(.data)
    IR_R                                     0x2000005c   Data           4  main.o(.data)
    Lmem                                     0x20000060   Data           4  main.o(.data)
    Rmem                                     0x20000064   Data           4  main.o(.data)
    LinearPID_val                            0x20000068   Data           4  main.o(.data)
    LinearRrefscale                          0x2000006c   Data           4  main.o(.data)
    TerminalLoc                              0x20000070   Data           4  main.o(.data)
    Loc                                      0x20000074   Data           4  main.o(.data)
    refExp                                   0x20000078   Data           4  main.o(.data)
    AngPID_val                               0x2000007c   Data           4  main.o(.data)
    L_Err                                    0x20000080   Data           4  main.o(.data)
    R_Err                                    0x20000084   Data           4  main.o(.data)
    Lref                                     0x20000088   Data           4  main.o(.data)
    Rref                                     0x2000008c   Data           4  main.o(.data)
    LRref_scale                              0x20000090   Data           4  main.o(.data)
    dirRef                                   0x20000094   Data           4  main.o(.data)
    Bref                                     0x20000098   Data           4  main.o(.data)
    T90                                      0x2000009c   Data           4  main.o(.data)
    CellLength                               0x200000a0   Data           4  main.o(.data)
    BufferLength                             0x200000a4   Data           4  main.o(.data)
    CellcntSuper                             0x200000a8   Data           4  main.o(.data)
    currentLocation                          0x200000b0   Data           8  main.o(.data)
    Millis                                   0x200000b8   Data           8  main.o(.data)
    t0                                       0x200000c0   Data           8  main.o(.data)
    t                                        0x200000c8   Data           8  main.o(.data)
    REnc_mem                                 0x200000d0   Data           8  main.o(.data)
    LEnc_mem                                 0x200000d8   Data           8  main.o(.data)
    theMaze                                  0x200000e0   Data        3072  main.o(.data)
    runFlag                                  0x20000ce0   Data           1  main.o(.data)
    __stdout                                 0x20000cf4   Data           4  stdout.o(.data)
    __microlib_freelist                      0x20000cf8   Data           4  mvars.o(.data)
    __microlib_freelist_initialised          0x20000cfc   Data           4  mvars.o(.data)
    ADC_Value                                0x20000d00   Data          40  main.o(.bss)
    Angular                                  0x20000d28   Data          64  main.o(.bss)
    Angular2                                 0x20000d68   Data          64  main.o(.bss)
    Linear                                   0x20000da8   Data          64  main.o(.bss)
    samp                                     0x20000de8   Data       40000  main.o(.bss)
    FB                                       0x2000aa28   Data          48  main.o(.bss)
    FB2                                      0x2000aa58   Data          48  main.o(.bss)
    __heap_base                              0x2000aa88   Data           0  startup_stm32f40_41xxx.o(HEAP)
    __heap_limit                             0x2000ac88   Data           0  startup_stm32f40_41xxx.o(HEAP)
    __initial_sp                             0x2000b088   Data           0  startup_stm32f40_41xxx.o(STACK)



==============================================================================

Memory Map of the image

  Image Entry point : 0x08000189

  Load Region LR_IROM1 (Base: 0x08000000, Size: 0x000050f4, Max: 0x00100000, ABSOLUTE, COMPRESSED[0x00004574])

    Execution Region ER_IROM1 (Exec base: 0x08000000, Load base: 0x08000000, Size: 0x000043f4, Max: 0x00100000, ABSOLUTE)

    Exec Addr    Load Addr    Size         Type   Attr      Idx    E Section Name        Object

    0x08000000   0x08000000   0x00000188   Data   RO         6124    RESET               startup_stm32f40_41xxx.o
    0x08000188   0x08000188   0x00000000   Code   RO         6288  * .ARM.Collect$$$$00000000  mc_w.l(entry.o)
    0x08000188   0x08000188   0x00000004   Code   RO         6592    .ARM.Collect$$$$00000001  mc_w.l(entry2.o)
    0x0800018c   0x0800018c   0x00000004   Code   RO         6595    .ARM.Collect$$$$00000004  mc_w.l(entry5.o)
    0x08000190   0x08000190   0x00000000   Code   RO         6597    .ARM.Collect$$$$00000008  mc_w.l(entry7b.o)
    0x08000190   0x08000190   0x00000000   Code   RO         6599    .ARM.Collect$$$$0000000A  mc_w.l(entry8b.o)
    0x08000190   0x08000190   0x00000008   Code   RO         6600    .ARM.Collect$$$$0000000B  mc_w.l(entry9a.o)
    0x08000198   0x08000198   0x00000000   Code   RO         6602    .ARM.Collect$$$$0000000D  mc_w.l(entry10a.o)
    0x08000198   0x08000198   0x00000000   Code   RO         6604    .ARM.Collect$$$$0000000F  mc_w.l(entry11a.o)
    0x08000198   0x08000198   0x00000004   Code   RO         6593    .ARM.Collect$$$$00002712  mc_w.l(entry2.o)
    0x0800019c   0x0800019c   0x00000024   Code   RO         6125    .text               startup_stm32f40_41xxx.o
    0x080001c0   0x080001c0   0x0000001c   Code   RO         6588    .text               mf_w.l(ffltul.o)
    0x080001dc   0x080001dc   0x0000002c   Code   RO         6607    .text               mc_w.l(uidiv.o)
    0x08000208   0x08000208   0x00000062   Code   RO         6609    .text               mc_w.l(uldiv.o)
    0x0800026a   0x0800026a   0x00000000   Code   RO         6613    .text               mc_w.l(iusefp.o)
    0x0800026a   0x0800026a   0x0000006e   Code   RO         6614    .text               mf_w.l(fepilogue.o)
    0x080002d8   0x080002d8   0x0000014e   Code   RO         6616    .text               mf_w.l(dadd.o)
    0x08000426   0x08000426   0x000000e4   Code   RO         6618    .text               mf_w.l(dmul.o)
    0x0800050a   0x0800050a   0x000000de   Code   RO         6620    .text               mf_w.l(ddiv.o)
    0x080005e8   0x080005e8   0x00000030   Code   RO         6622    .text               mf_w.l(dfixul.o)
    0x08000618   0x08000618   0x00000030   Code   RO         6624    .text               mf_w.l(cdrcmple.o)
    0x08000648   0x08000648   0x00000024   Code   RO         6626    .text               mc_w.l(init.o)
    0x0800066c   0x0800066c   0x0000001e   Code   RO         6628    .text               mc_w.l(llshl.o)
    0x0800068a   0x0800068a   0x00000020   Code   RO         6630    .text               mc_w.l(llushr.o)
    0x080006aa   0x080006aa   0x00000024   Code   RO         6632    .text               mc_w.l(llsshr.o)
    0x080006ce   0x080006ce   0x000000ba   Code   RO         6634    .text               mf_w.l(depilogue.o)
    0x08000788   0x08000788   0x00000056   Code   RO         6644    .text               mc_w.l(__dczerorl2.o)
    0x080007de   0x080007de   0x00000014   Code   RO         3733    i.ADC_Cmd           stm32f4xx_adc.o
    0x080007f2   0x080007f2   0x00000002   PAD
    0x080007f4   0x080007f4   0x0000002c   Code   RO         3734    i.ADC_CommonInit    stm32f4xx_adc.o
    0x08000820   0x08000820   0x00000104   Code   RO          257    i.ADC_Config        main.o
    0x08000924   0x08000924   0x00000014   Code   RO         3737    i.ADC_DMACmd        stm32f4xx_adc.o
    0x08000938   0x08000938   0x00000014   Code   RO         3738    i.ADC_DMARequestAfterLastTransferCmd  stm32f4xx_adc.o
    0x0800094c   0x0800094c   0x000000c4   Code   RO          258    i.ADC_GPIO_Config   main.o
    0x08000a10   0x08000a10   0x0000004c   Code   RO         3753    i.ADC_Init          stm32f4xx_adc.o
    0x08000a5c   0x08000a5c   0x00000074   Code   RO         3758    i.ADC_RegularChannelConfig  stm32f4xx_adc.o
    0x08000ad0   0x08000ad0   0x0000000a   Code   RO         3760    i.ADC_SoftwareStartConv  stm32f4xx_adc.o
    0x08000ada   0x08000ada   0x00000002   PAD
    0x08000adc   0x08000adc   0x00000030   Code   RO          259    i.Angle             main.o
    0x08000b0c   0x08000b0c   0x00000114   Code   RO          260    i.Angular_PID       main.o
    0x08000c20   0x08000c20   0x00000002   Code   RO          145    i.BusFault_Handler  stm32f4xx_it.o
    0x08000c22   0x08000c22   0x00000002   PAD
    0x08000c24   0x08000c24   0x00000030   Code   RO          262    i.ButtonInit        main.o
    0x08000c54   0x08000c54   0x00000014   Code   RO         5962    i.DMA_Cmd           stm32f4xx_dma.o
    0x08000c68   0x08000c68   0x00000054   Code   RO         5974    i.DMA_Init          stm32f4xx_dma.o
    0x08000cbc   0x08000cbc   0x00000002   Code   RO          146    i.DebugMon_Handler  stm32f4xx_it.o
    0x08000cbe   0x08000cbe   0x00000002   PAD
    0x08000cc0   0x08000cc0   0x00000014   Code   RO          264    i.Delay             main.o
    0x08000cd4   0x08000cd4   0x00000022   Code   RO          265    i.Delay_us          main.o
    0x08000cf6   0x08000cf6   0x0000001c   Code   RO          266    i.Disp              main.o
    0x08000d12   0x08000d12   0x00000002   PAD
    0x08000d14   0x08000d14   0x00000100   Code   RO          267    i.EmitterInit       main.o
    0x08000e14   0x08000e14   0x0000000e   Code   RO          268    i.EncoderInit       main.o
    0x08000e22   0x08000e22   0x00000002   PAD
    0x08000e24   0x08000e24   0x000000e4   Code   RO          269    i.Encoder_Configration  main.o
    0x08000f08   0x08000f08   0x0000003c   Code   RO          271    i.Error_Alert       main.o
    0x08000f44   0x08000f44   0x000000bc   Code   RO          272    i.FrontAlign        main.o
    0x08001000   0x08001000   0x000000a2   Code   RO         5796    i.GPIO_Init         stm32f4xx_gpio.o
    0x080010a2   0x080010a2   0x00000020   Code   RO         5797    i.GPIO_PinAFConfig  stm32f4xx_gpio.o
    0x080010c2   0x080010c2   0x00000004   Code   RO         5803    i.GPIO_ResetBits    stm32f4xx_gpio.o
    0x080010c6   0x080010c6   0x00000004   Code   RO         5804    i.GPIO_SetBits      stm32f4xx_gpio.o
    0x080010ca   0x080010ca   0x00000002   Code   RO          147    i.HardFault_Handler  stm32f4xx_it.o
    0x080010cc   0x080010cc   0x00000016   Code   RO          277    i.IRscan            main.o
    0x080010e2   0x080010e2   0x00000002   PAD
    0x080010e4   0x080010e4   0x00000064   Code   RO          278    i.IRscan_L          main.o
    0x08001148   0x08001148   0x00000064   Code   RO          279    i.IRscan_LF         main.o
    0x080011ac   0x080011ac   0x00000064   Code   RO          280    i.IRscan_LM         main.o
    0x08001210   0x08001210   0x00000068   Code   RO          281    i.IRscan_R          main.o
    0x08001278   0x08001278   0x00000068   Code   RO          282    i.IRscan_RF         main.o
    0x080012e0   0x080012e0   0x00000068   Code   RO          283    i.IRscan_RM         main.o
    0x08001348   0x08001348   0x00000010   Code   RO          286    i.Ifabs             main.o
    0x08001358   0x08001358   0x00000078   Code   RO          287    i.InitializeAlles   main.o
    0x080013d0   0x080013d0   0x00000030   Code   RO          289    i.Isqrt             main.o
    0x08001400   0x08001400   0x00000084   Code   RO          291    i.LEDInit           main.o
    0x08001484   0x08001484   0x0000003c   Code   RO          292    i.LEnc              main.o
    0x080014c0   0x080014c0   0x0000001c   Code   RO          293    i.LEnc_mm           main.o
    0x080014dc   0x080014dc   0x00000044   Code   RO          294    i.LF                main.o
    0x08001520   0x08001520   0x00000048   Code   RO          295    i.LR                main.o
    0x08001568   0x08001568   0x000000dc   Code   RO          296    i.LeftTurn          main.o
    0x08001644   0x08001644   0x00000144   Code   RO          297    i.Linear_PID        main.o
    0x08001788   0x08001788   0x00000002   Code   RO          148    i.MemManage_Handler  stm32f4xx_it.o
    0x0800178a   0x0800178a   0x00000002   PAD
    0x0800178c   0x0800178c   0x00000018   Code   RO          299    i.Millis_Increment  main.o
    0x080017a4   0x080017a4   0x00000002   Code   RO          149    i.NMI_Handler       stm32f4xx_it.o
    0x080017a6   0x080017a6   0x00000002   PAD
    0x080017a8   0x080017a8   0x00000064   Code   RO         4744    i.NVIC_Init         misc.o
    0x0800180c   0x0800180c   0x00000014   Code   RO         4745    i.NVIC_PriorityGroupConfig  misc.o
    0x08001820   0x08001820   0x00000002   Code   RO          150    i.PendSV_Handler    stm32f4xx_it.o
    0x08001822   0x08001822   0x00000002   PAD
    0x08001824   0x08001824   0x00000018   Code   RO         5427    i.RCC_AHB1PeriphClockCmd  stm32f4xx_rcc.o
    0x0800183c   0x0800183c   0x00000018   Code   RO         5436    i.RCC_APB1PeriphClockCmd  stm32f4xx_rcc.o
    0x08001854   0x08001854   0x00000018   Code   RO         5439    i.RCC_APB2PeriphClockCmd  stm32f4xx_rcc.o
    0x0800186c   0x0800186c   0x00000094   Code   RO         5448    i.RCC_GetClocksFreq  stm32f4xx_rcc.o
    0x08001900   0x08001900   0x0000003c   Code   RO          300    i.RE                main.o
    0x0800193c   0x0800193c   0x0000003c   Code   RO          301    i.REnc              main.o
    0x08001978   0x08001978   0x0000001c   Code   RO          302    i.REnc_mm           main.o
    0x08001994   0x08001994   0x00000044   Code   RO          303    i.RF                main.o
    0x080019d8   0x080019d8   0x00000018   Code   RO          304    i.ResetLEnc         main.o
    0x080019f0   0x080019f0   0x00000014   Code   RO          305    i.ResetREnc         main.o
    0x08001a04   0x08001a04   0x000000dc   Code   RO          306    i.RightTurn         main.o
    0x08001ae0   0x08001ae0   0x00000002   Code   RO          151    i.SVC_Handler       stm32f4xx_it.o
    0x08001ae2   0x08001ae2   0x00000002   PAD
    0x08001ae4   0x08001ae4   0x00000264   Code   RO          307    i.SearchingMode     main.o
    0x08001d48   0x08001d48   0x00000078   Code   RO            4    i.SetSysClock       system_stm32f4xx.o
    0x08001dc0   0x08001dc0   0x00000164   Code   RO          308    i.SprintA           main.o
    0x08001f24   0x08001f24   0x00000160   Code   RO          309    i.SprintB           main.o
    0x08002084   0x08002084   0x0000000e   Code   RO          152    i.SysTick_Handler   stm32f4xx_it.o
    0x08002092   0x08002092   0x00000002   PAD
    0x08002094   0x08002094   0x00000048   Code   RO          311    i.SysTick_Init      main.o
    0x080020dc   0x080020dc   0x0000007c   Code   RO            5    i.SystemCoreClockUpdate  system_stm32f4xx.o
    0x08002158   0x08002158   0x0000005c   Code   RO            6    i.SystemInit        system_stm32f4xx.o
    0x080021b4   0x080021b4   0x000000b8   Code   RO          313    i.TIM4_Config       main.o
    0x0800226c   0x0800226c   0x00000068   Code   RO          314    i.TIM4_GPIO_Config  main.o
    0x080022d4   0x080022d4   0x00000014   Code   RO         2547    i.TIM_ARRPreloadConfig  stm32f4xx_tim.o
    0x080022e8   0x080022e8   0x00000014   Code   RO         2559    i.TIM_Cmd           stm32f4xx_tim.o
    0x080022fc   0x080022fc   0x00000032   Code   RO         2568    i.TIM_EncoderInterfaceConfig  stm32f4xx_tim.o
    0x0800232e   0x0800232e   0x00000002   PAD
    0x08002330   0x08002330   0x00000060   Code   RO         2588    i.TIM_OC1Init       stm32f4xx_tim.o
    0x08002390   0x08002390   0x0000000c   Code   RO         2591    i.TIM_OC1PreloadConfig  stm32f4xx_tim.o
    0x0800239c   0x0800239c   0x00000080   Code   RO         2593    i.TIM_OC2Init       stm32f4xx_tim.o
    0x0800241c   0x0800241c   0x00000014   Code   RO         2596    i.TIM_OC2PreloadConfig  stm32f4xx_tim.o
    0x08002430   0x08002430   0x0000007c   Code   RO         2598    i.TIM_OC3Init       stm32f4xx_tim.o
    0x080024ac   0x080024ac   0x0000000c   Code   RO         2601    i.TIM_OC3PreloadConfig  stm32f4xx_tim.o
    0x080024b8   0x080024b8   0x00000060   Code   RO         2603    i.TIM_OC4Init       stm32f4xx_tim.o
    0x08002518   0x08002518   0x00000014   Code   RO         2605    i.TIM_OC4PreloadConfig  stm32f4xx_tim.o
    0x0800252c   0x0800252c   0x00000004   Code   RO         2619    i.TIM_SetAutoreload  stm32f4xx_tim.o
    0x08002530   0x08002530   0x0000007c   Code   RO         2631    i.TIM_TimeBaseInit  stm32f4xx_tim.o
    0x080025ac   0x080025ac   0x00000014   Code   RO          318    i.TimingDelay_Decrement  main.o
    0x080025c0   0x080025c0   0x000000d8   Code   RO          319    i.Turn180           main.o
    0x08002698   0x08002698   0x000000d8   Code   RO          153    i.USART1_IRQHandler  stm32f4xx_it.o
    0x08002770   0x08002770   0x0000000c   Code   RO         4259    i.USART_ClearITPendingBit  stm32f4xx_usart.o
    0x0800277c   0x0800277c   0x00000014   Code   RO         4262    i.USART_Cmd         stm32f4xx_usart.o
    0x08002790   0x08002790   0x000000c4   Code   RO          320    i.USART_Config      main.o
    0x08002854   0x08002854   0x0000000e   Code   RO         4265    i.USART_GetFlagStatus  stm32f4xx_usart.o
    0x08002862   0x08002862   0x0000003e   Code   RO         4266    i.USART_GetITStatus  stm32f4xx_usart.o
    0x080028a0   0x080028a0   0x00000030   Code   RO         4268    i.USART_ITConfig    stm32f4xx_usart.o
    0x080028d0   0x080028d0   0x000000ac   Code   RO         4269    i.USART_Init        stm32f4xx_usart.o
    0x0800297c   0x0800297c   0x00000008   Code   RO         4276    i.USART_ReceiveData  stm32f4xx_usart.o
    0x08002984   0x08002984   0x00000008   Code   RO         4279    i.USART_SendData    stm32f4xx_usart.o
    0x0800298c   0x0800298c   0x00000128   Code   RO          321    i.UpdateFloodfill   main.o
    0x08002ab4   0x08002ab4   0x0000000e   Code   RO          322    i.UpdateSensors     main.o
    0x08002ac2   0x08002ac2   0x00000002   Code   RO          154    i.UsageFault_Handler  stm32f4xx_it.o
    0x08002ac4   0x08002ac4   0x00000020   Code   RO         6532    i.__0printf         mc_w.l(printfa.o)
    0x08002ae4   0x08002ae4   0x0000000e   Code   RO         6638    i.__scatterload_copy  mc_w.l(handlers.o)
    0x08002af2   0x08002af2   0x00000002   Code   RO         6639    i.__scatterload_null  mc_w.l(handlers.o)
    0x08002af4   0x08002af4   0x0000000e   Code   RO         6640    i.__scatterload_zeroinit  mc_w.l(handlers.o)
    0x08002b02   0x08002b02   0x00000002   PAD
    0x08002b04   0x08002b04   0x00000184   Code   RO         6539    i._fp_digits        mc_w.l(printfa.o)
    0x08002c88   0x08002c88   0x000006dc   Code   RO         6540    i._printf_core      mc_w.l(printfa.o)
    0x08003364   0x08003364   0x00000024   Code   RO         6541    i._printf_post_padding  mc_w.l(printfa.o)
    0x08003388   0x08003388   0x0000002e   Code   RO         6542    i._printf_pre_padding  mc_w.l(printfa.o)
    0x080033b6   0x080033b6   0x00000002   PAD
    0x080033b8   0x080033b8   0x000000a8   Code   RO          324    i.blinkLED          main.o
    0x08003460   0x08003460   0x00000030   Code   RO          325    i.canSprint         main.o
    0x08003490   0x08003490   0x00000044   Code   RO          326    i.checkCell         main.o
    0x080034d4   0x080034d4   0x0000003c   Code   RO          328    i.collecting_IR_data  main.o
    0x08003510   0x08003510   0x00000044   Code   RO          330    i.currCell          main.o
    0x08003554   0x08003554   0x00000010   Code   RO          331    i.curve             main.o
    0x08003564   0x08003564   0x0000006a   Code   RO          332    i.enterableCells    main.o
    0x080035ce   0x080035ce   0x0000001c   Code   RO          333    i.equal             main.o
    0x080035ea   0x080035ea   0x00000002   PAD
    0x080035ec   0x080035ec   0x00000022   Code   RO          341    i.findMinDistance   main.o
    0x0800360e   0x0800360e   0x00000002   PAD
    0x08003610   0x08003610   0x00000028   Code   RO          343    i.fputc             main.o
    0x08003638   0x08003638   0x00000050   Code   RO         6560    i.free              mc_w.l(malloc.o)
    0x08003688   0x08003688   0x00000010   Code   RO          344    i.halt              main.o
    0x08003698   0x08003698   0x00000040   Code   RO          345    i.initAngular_PID   main.o
    0x080036d8   0x080036d8   0x00000040   Code   RO          350    i.initLinear_PID    main.o
    0x08003718   0x08003718   0x00000094   Code   RO          351    i.initSprintA       main.o
    0x080037ac   0x080037ac   0x00000090   Code   RO          352    i.initSprintB       main.o
    0x0800383c   0x0800383c   0x0000004c   Code   RO          354    i.interrP           main.o
    0x08003888   0x08003888   0x00000110   Code   RO          357    i.main              main.o
    0x08003998   0x08003998   0x0000006c   Code   RO         6561    i.malloc            mc_w.l(malloc.o)
    0x08003a04   0x08003a04   0x0000004c   Code   RO          359    i.micros            main.o
    0x08003a50   0x08003a50   0x0000000c   Code   RO          360    i.millis            main.o
    0x08003a5c   0x08003a5c   0x000000f4   Code   RO          361    i.motor             main.o
    0x08003b50   0x08003b50   0x0000001c   Code   RO          362    i.motorInit         main.o
    0x08003b6c   0x08003b6c   0x00000094   Code   RO          364    i.move              main.o
    0x08003c00   0x08003c00   0x00000048   Code   RO          368    i.partition         main.o
    0x08003c48   0x08003c48   0x00000026   Code   RO          379    i.quickSort         main.o
    0x08003c6e   0x08003c6e   0x00000002   PAD
    0x08003c70   0x08003c70   0x00000088   Code   RO          380    i.sBreak            main.o
    0x08003cf8   0x08003cf8   0x000001dc   Code   RO          381    i.sLeftTurn         main.o
    0x08003ed4   0x08003ed4   0x000001dc   Code   RO          382    i.sRightTurn        main.o
    0x080040b0   0x080040b0   0x0000002a   Code   RO          384    i.stepAtDirection   main.o
    0x080040da   0x080040da   0x00000002   PAD
    0x080040dc   0x080040dc   0x00000270   Code   RO          385    i.straightPhaseFix  main.o
    0x0800434c   0x0800434c   0x0000000a   Code   RO          386    i.swap              main.o
    0x08004356   0x08004356   0x00000002   PAD
    0x08004358   0x08004358   0x0000007c   Data   RO          408    .constdata          main.o
    0x080043d4   0x080043d4   0x00000020   Data   RO         6636    Region$$Table       anon$$obj.o


    Execution Region RW_IRAM1 (Exec base: 0x20000000, Load base: 0x080043f4, Size: 0x0000b088, Max: 0x00020000, ABSOLUTE, COMPRESSED[0x00000180])

    Exec Addr    Load Addr    Size         Type   Attr      Idx    E Section Name        Object

    0x20000000   COMPRESSED   0x00000014   Data   RW            7    .data               system_stm32f4xx.o
    0x20000014   COMPRESSED   0x00000004   PAD
    0x20000018   COMPRESSED   0x00000cc8   Data   RW          420    .data               main.o
    0x20000ce0   COMPRESSED   0x00000001   Data   RW          423    .data               main.o
    0x20000ce1   COMPRESSED   0x00000010   Data   RW         5480    .data               stm32f4xx_rcc.o
    0x20000cf1   COMPRESSED   0x00000003   PAD
    0x20000cf4   COMPRESSED   0x00000004   Data   RW         6606    .data               mc_w.l(stdout.o)
    0x20000cf8   COMPRESSED   0x00000004   Data   RW         6611    .data               mc_w.l(mvars.o)
    0x20000cfc   COMPRESSED   0x00000004   Data   RW         6612    .data               mc_w.l(mvars.o)
    0x20000d00        -       0x00009d88   Zero   RW          391    .bss                main.o
    0x2000aa88        -       0x00000200   Zero   RW         6123    HEAP                startup_stm32f40_41xxx.o
    0x2000ac88        -       0x00000400   Zero   RW         6122    STACK               startup_stm32f40_41xxx.o


==============================================================================

Image component sizes


      Code (inc. data)   RO Data    RW Data    ZI Data      Debug   Object Name

     10106        936        124       3273      40328     103416   main.o
       120         14          0          0          0       3911   misc.o
        36          8        392          0       1536       1036   startup_stm32f40_41xxx.o
       306         20          0          0          0      20947   stm32f4xx_adc.o
         0          0          0          0          0      15660   stm32f4xx_dfsdm.o
       104          4          0          0          0      15705   stm32f4xx_dma.o
         0          0          0          0          0      15588   stm32f4xx_flash.o
       202          0          0          0          0      11031   stm32f4xx_gpio.o
       246         52          0          0          0     259714   stm32f4xx_it.o
       220         34          0         16          0       5711   stm32f4xx_rcc.o
       726         60          0          0          0      32232   stm32f4xx_tim.o
       344          8          0          0          0      13859   stm32f4xx_usart.o
       336         54          0         20          0     306129   system_stm32f4xx.o

    ----------------------------------------------------------------------
     12782       1190        548       3316      41864     804939   Object Totals
         0          0         32          0          0          0   (incl. Generated)
        36          0          0          7          0          0   (incl. Padding)

    ----------------------------------------------------------------------

      Code (inc. data)   RO Data    RW Data    ZI Data      Debug   Library Member Name

        86          0          0          0          0          0   __dczerorl2.o
         0          0          0          0          0          0   entry.o
         0          0          0          0          0          0   entry10a.o
         0          0          0          0          0          0   entry11a.o
         8          4          0          0          0          0   entry2.o
         4          0          0          0          0          0   entry5.o
         0          0          0          0          0          0   entry7b.o
         0          0          0          0          0          0   entry8b.o
         8          4          0          0          0          0   entry9a.o
        30          0          0          0          0          0   handlers.o
        36          8          0          0          0         68   init.o
         0          0          0          0          0          0   iusefp.o
        30          0          0          0          0         68   llshl.o
        36          0          0          0          0         68   llsshr.o
        32          0          0          0          0         68   llushr.o
       188         20          0          0          0        160   malloc.o
         0          0          0          8          0          0   mvars.o
      2258         90          0          0          0        452   printfa.o
         0          0          0          4          0          0   stdout.o
        44          0          0          0          0         80   uidiv.o
        98          0          0          0          0         92   uldiv.o
        48          0          0          0          0         68   cdrcmple.o
       334          0          0          0          0        148   dadd.o
       222          0          0          0          0        100   ddiv.o
       186          0          0          0          0        176   depilogue.o
        48          0          0          0          0         68   dfixul.o
       228          0          0          0          0         96   dmul.o
       110          0          0          0          0        168   fepilogue.o
        28          0          0          0          0         84   ffltul.o

    ----------------------------------------------------------------------
      4066        126          0         12          0       1964   Library Totals
         4          0          0          0          0          0   (incl. Padding)

    ----------------------------------------------------------------------

      Code (inc. data)   RO Data    RW Data    ZI Data      Debug   Library Name

      2858        126          0         12          0       1056   mc_w.l
      1204          0          0          0          0        908   mf_w.l

    ----------------------------------------------------------------------
      4066        126          0         12          0       1964   Library Totals

    ----------------------------------------------------------------------

==============================================================================


      Code (inc. data)   RO Data    RW Data    ZI Data      Debug   

     16848       1316        548       3328      41864     794499   Grand Totals
     16848       1316        548        384      41864     794499   ELF Image Totals (compressed)
     16848       1316        548        384          0          0   ROM Totals

==============================================================================

    Total RO  Size (Code + RO Data)                17396 (  16.99kB)
    Total RW  Size (RW Data + ZI Data)             45192 (  44.13kB)
    Total ROM Size (Code + RO Data + RW Data)      17780 (  17.36kB)

==============================================================================

